Archive member included to satisfy reference by file (symbol)

../timer_display_bsp/\libhal_bsp.a(alt_iic.o)
                              obj/default/hello_world_small.o (alt_ic_isr_register)
../timer_display_bsp/\libhal_bsp.a(alt_iic_isr_register.o)
                              ../timer_display_bsp/\libhal_bsp.a(alt_iic.o) (alt_iic_isr_register)
../timer_display_bsp/\libhal_bsp.a(alt_irq_entry.o)
                              ../timer_display_bsp/\libhal_bsp.a(alt_iic_isr_register.o) (alt_irq_entry)
../timer_display_bsp/\libhal_bsp.a(alt_irq_handler.o)
                              ../timer_display_bsp/\libhal_bsp.a(alt_iic_isr_register.o) (alt_irq_handler)
../timer_display_bsp/\libhal_bsp.a(alt_irq_vars.o)
                              ../timer_display_bsp/\libhal_bsp.a(alt_iic.o) (alt_irq_active)
../timer_display_bsp/\libhal_bsp.a(alt_load.o)
                              ../timer_display_bsp//obj/HAL/src/crt0.o (alt_load)
../timer_display_bsp/\libhal_bsp.a(alt_main.o)
                              ../timer_display_bsp//obj/HAL/src/crt0.o (alt_main)
../timer_display_bsp/\libhal_bsp.a(alt_printf.o)
                              obj/default/hello_world_small.o (alt_printf)
../timer_display_bsp/\libhal_bsp.a(alt_putchar.o)
                              ../timer_display_bsp/\libhal_bsp.a(alt_printf.o) (alt_putchar)
../timer_display_bsp/\libhal_bsp.a(alt_putstr.o)
                              obj/default/hello_world_small.o (alt_putstr)
../timer_display_bsp/\libhal_bsp.a(alt_sys_init.o)
                              ../timer_display_bsp/\libhal_bsp.a(alt_main.o) (alt_irq_init)
../timer_display_bsp/\libhal_bsp.a(altera_avalon_jtag_uart_write.o)
                              ../timer_display_bsp/\libhal_bsp.a(alt_putchar.o) (altera_avalon_jtag_uart_write)
../timer_display_bsp/\libhal_bsp.a(alt_dcache_flush_all.o)
                              ../timer_display_bsp/\libhal_bsp.a(alt_load.o) (alt_dcache_flush_all)
../timer_display_bsp/\libhal_bsp.a(alt_exception_entry.o)
                              ../timer_display_bsp/\libhal_bsp.a(alt_irq_entry.o) (alt_exception)
../timer_display_bsp/\libhal_bsp.a(alt_icache_flush_all.o)
                              ../timer_display_bsp/\libhal_bsp.a(alt_load.o) (alt_icache_flush_all)
../timer_display_bsp/\libhal_bsp.a(alt_instruction_exception_entry.o)
                              ../timer_display_bsp/\libhal_bsp.a(alt_exception_entry.o) (alt_instruction_exception_entry)
../timer_display_bsp/\libhal_bsp.a(altera_nios2_gen2_irq.o)
                              ../timer_display_bsp/\libhal_bsp.a(alt_sys_init.o) (altera_nios2_gen2_irq_init)
c:/intelfpga_lite/18.1/nios2eds/bin/gnu/h-x86_64-mingw32/bin/../lib/gcc/nios2-elf/5.3.0/../../../../../H-x86_64-mingw32/nios2-elf/lib/mno-hw-mul\libsmallc.a(lib_a-strlen.o)
                              ../timer_display_bsp/\libhal_bsp.a(alt_putstr.o) (strlen)

Allocating common symbols
Common symbol       size              file

alt_irq             0x100             ../timer_display_bsp/\libhal_bsp.a(alt_irq_handler.o)
seconds_counter     0x4               obj/default/hello_world_small.o

Memory Configuration

Name             Origin             Length             Attributes
reset            0x0000000000010000 0x0000000000000020
RAM              0x0000000000010020 0x000000000000ffe0
*default*        0x0000000000000000 0xffffffffffffffff

Linker script and memory map

LOAD ../timer_display_bsp//obj/HAL/src/crt0.o
LOAD obj/default/hello_world_small.o
LOAD c:/intelfpga_lite/18.1/nios2eds/bin/gnu/h-x86_64-mingw32/bin/../lib/gcc/nios2-elf/5.3.0/../../../../../H-x86_64-mingw32/nios2-elf/lib/mno-hw-mul\libstdc++.a
LOAD c:/intelfpga_lite/18.1/nios2eds/bin/gnu/h-x86_64-mingw32/bin/../lib/gcc/nios2-elf/5.3.0/../../../../../H-x86_64-mingw32/nios2-elf/lib/mno-hw-mul\libm.a
LOAD c:/intelfpga_lite/18.1/nios2eds/bin/gnu/h-x86_64-mingw32/bin/../lib/gcc/nios2-elf/5.3.0/mno-hw-mul\libgcc.a
START GROUP
LOAD c:/intelfpga_lite/18.1/nios2eds/bin/gnu/h-x86_64-mingw32/bin/../lib/gcc/nios2-elf/5.3.0/../../../../../H-x86_64-mingw32/nios2-elf/lib/mno-hw-mul\libsmallc.a
LOAD c:/intelfpga_lite/18.1/nios2eds/bin/gnu/h-x86_64-mingw32/bin/../lib/gcc/nios2-elf/5.3.0/mno-hw-mul\libgcc.a
LOAD ../timer_display_bsp/\libhal_bsp.a
LOAD c:/intelfpga_lite/18.1/nios2eds/bin/gnu/h-x86_64-mingw32/bin/../lib/gcc/nios2-elf/5.3.0/../../../../../H-x86_64-mingw32/nios2-elf/lib/mno-hw-mul\libm.a
END GROUP
LOAD c:/intelfpga_lite/18.1/nios2eds/bin/gnu/h-x86_64-mingw32/bin/../lib/gcc/nios2-elf/5.3.0/mno-hw-mul\libgcc.a
                0x0000000000010000                __alt_mem_RAM = 0x10000

.entry          0x0000000000010000       0x20
 *(.entry)
 .entry         0x0000000000010000       0x20 ../timer_display_bsp//obj/HAL/src/crt0.o
                0x0000000000010000                __reset
                0x000000000001000c                _exit

.exceptions     0x0000000000010020      0x160
                0x0000000000010020                PROVIDE (__ram_exceptions_start, ABSOLUTE (.))
                0x0000000000010020                . = ALIGN (0x20)
 *(.irq)
 *(.exceptions.entry.label)
 .exceptions.entry.label
                0x0000000000010020        0x0 ../timer_display_bsp/\libhal_bsp.a(alt_irq_entry.o)
                0x0000000000010020                alt_irq_entry
 .exceptions.entry.label
                0x0000000000010020        0x0 ../timer_display_bsp/\libhal_bsp.a(alt_exception_entry.o)
                0x0000000000010020                alt_exception
 *(.exceptions.entry.user)
 *(.exceptions.entry.ecc_fatal)
 *(.exceptions.entry)
 .exceptions.entry
                0x0000000000010020       0x54 ../timer_display_bsp/\libhal_bsp.a(alt_exception_entry.o)
 *(.exceptions.irqtest.user)
 *(.exceptions.irqtest)
 .exceptions.irqtest
                0x0000000000010074       0x10 ../timer_display_bsp/\libhal_bsp.a(alt_irq_entry.o)
 *(.exceptions.irqhandler.user)
 *(.exceptions.irqhandler)
 .exceptions.irqhandler
                0x0000000000010084        0x4 ../timer_display_bsp/\libhal_bsp.a(alt_irq_entry.o)
 *(.exceptions.irqreturn.user)
 *(.exceptions.irqreturn)
 .exceptions.irqreturn
                0x0000000000010088        0x4 ../timer_display_bsp/\libhal_bsp.a(alt_irq_entry.o)
 *(.exceptions.notirq.label)
 .exceptions.notirq.label
                0x000000000001008c        0x0 ../timer_display_bsp/\libhal_bsp.a(alt_irq_entry.o)
 *(.exceptions.notirq.user)
 *(.exceptions.notirq)
 .exceptions.notirq
                0x000000000001008c        0x8 ../timer_display_bsp/\libhal_bsp.a(alt_exception_entry.o)
 *(.exceptions.soft.user)
 *(.exceptions.soft)
 *(.exceptions.unknown.user)
 *(.exceptions.unknown)
 .exceptions.unknown
                0x0000000000010094       0x14 ../timer_display_bsp/\libhal_bsp.a(alt_exception_entry.o)
 *(.exceptions.exit.label)
 .exceptions.exit.label
                0x00000000000100a8        0x0 ../timer_display_bsp/\libhal_bsp.a(alt_irq_entry.o)
 .exceptions.exit.label
                0x00000000000100a8        0x0 ../timer_display_bsp/\libhal_bsp.a(alt_exception_entry.o)
 *(.exceptions.exit.user)
 *(.exceptions.exit)
 .exceptions.exit
                0x00000000000100a8       0x54 ../timer_display_bsp/\libhal_bsp.a(alt_exception_entry.o)
 *(.exceptions)
 .exceptions    0x00000000000100fc       0x60 ../timer_display_bsp/\libhal_bsp.a(alt_irq_handler.o)
                0x00000000000100fc                alt_irq_handler
 .exceptions    0x000000000001015c       0x24 ../timer_display_bsp/\libhal_bsp.a(alt_instruction_exception_entry.o)
                0x000000000001015c                alt_instruction_exception_entry
                0x0000000000010180                PROVIDE (__ram_exceptions_end, ABSOLUTE (.))
                0x0000000000010020                PROVIDE (__flash_exceptions_start, LOADADDR (.exceptions))

.text           0x0000000000010180      0x70c
                [!provide]                        PROVIDE (stext, ABSOLUTE (.))
 *(.interp)
 *(.hash)
 *(.dynsym)
 *(.dynstr)
 *(.gnu.version)
 *(.gnu.version_d)
 *(.gnu.version_r)
 *(.rel.init)
 *(.rela.init)
 *(.rel.text .rel.text.* .rel.gnu.linkonce.t.*)
 *(.rela.text .rela.text.* .rela.gnu.linkonce.t.*)
 *(.rel.fini)
 *(.rela.fini)
 *(.rel.rodata .rel.rodata.* .rel.gnu.linkonce.r.*)
 *(.rela.rodata .rela.rodata.* .rela.gnu.linkonce.r.*)
 *(.rel.data .rel.data.* .rel.gnu.linkonce.d.*)
 *(.rela.data .rela.data.* .rela.gnu.linkonce.d.*)
 *(.rel.tdata .rel.tdata.* .rel.gnu.linkonce.td.*)
 *(.rela.tdata .rela.tdata.* .rela.gnu.linkonce.td.*)
 *(.rel.tbss .rel.tbss.* .rel.gnu.linkonce.tb.*)
 *(.rela.tbss .rela.tbss.* .rela.gnu.linkonce.tb.*)
 *(.rel.ctors)
 *(.rela.ctors)
 *(.rel.dtors)
 *(.rela.dtors)
 *(.rel.got)
 *(.rela.got)
 *(.rel.sdata .rel.sdata.* .rel.gnu.linkonce.s.*)
 *(.rela.sdata .rela.sdata.* .rela.gnu.linkonce.s.*)
 *(.rel.sbss .rel.sbss.* .rel.gnu.linkonce.sb.*)
 *(.rela.sbss .rela.sbss.* .rela.gnu.linkonce.sb.*)
 *(.rel.sdata2 .rel.sdata2.* .rel.gnu.linkonce.s2.*)
 *(.rela.sdata2 .rela.sdata2.* .rela.gnu.linkonce.s2.*)
 *(.rel.sbss2 .rel.sbss2.* .rel.gnu.linkonce.sb2.*)
 *(.rela.sbss2 .rela.sbss2.* .rela.gnu.linkonce.sb2.*)
 *(.rel.bss .rel.bss.* .rel.gnu.linkonce.b.*)
 *(.rela.bss .rela.bss.* .rela.gnu.linkonce.b.*)
 *(.rel.plt)
 *(.rela.plt)
 *(.rel.dyn)
 *(.init)
 *(.plt)
 *(.text .stub .text.* .gnu.linkonce.t.*)
 .text          0x0000000000010180       0x3c ../timer_display_bsp//obj/HAL/src/crt0.o
                0x0000000000010180                _start
 .text          0x00000000000101bc      0x1bc obj/default/hello_world_small.o
                0x00000000000101bc                timer_isr
                0x00000000000101dc                reset_button_isr
                0x000000000001022c                init_timer_intr
                0x0000000000010278                start_button_isr
                0x00000000000102d4                init_start_button_intr
                0x0000000000010324                init_reset_button_intr
 .text.startup  0x0000000000010378       0x2c obj/default/hello_world_small.o
                0x0000000000010378                main
 .text          0x00000000000103a4       0x8c ../timer_display_bsp/\libhal_bsp.a(alt_iic.o)
                0x00000000000103a4                alt_ic_isr_register
                0x00000000000103a8                alt_ic_irq_enable
                0x00000000000103e0                alt_ic_irq_disable
                0x0000000000010418                alt_ic_irq_enabled
 .text          0x0000000000010430       0x68 ../timer_display_bsp/\libhal_bsp.a(alt_iic_isr_register.o)
                0x0000000000010430                alt_iic_isr_register
 .text          0x0000000000010498        0x0 ../timer_display_bsp/\libhal_bsp.a(alt_irq_entry.o)
 .text          0x0000000000010498        0x0 ../timer_display_bsp/\libhal_bsp.a(alt_irq_handler.o)
 .text          0x0000000000010498        0x0 ../timer_display_bsp/\libhal_bsp.a(alt_irq_vars.o)
 .text          0x0000000000010498       0xe0 ../timer_display_bsp/\libhal_bsp.a(alt_load.o)
                0x0000000000010498                alt_load
 .text          0x0000000000010578       0x2c ../timer_display_bsp/\libhal_bsp.a(alt_main.o)
                0x0000000000010578                alt_main
 .text          0x00000000000105a4      0x170 ../timer_display_bsp/\libhal_bsp.a(alt_printf.o)
                0x00000000000105a4                alt_printf
 .text          0x0000000000010714       0x48 ../timer_display_bsp/\libhal_bsp.a(alt_putchar.o)
                0x0000000000010714                alt_putchar
 .text          0x000000000001075c       0x38 ../timer_display_bsp/\libhal_bsp.a(alt_putstr.o)
                0x000000000001075c                alt_putstr
 .text          0x0000000000010794       0x24 ../timer_display_bsp/\libhal_bsp.a(alt_sys_init.o)
                0x0000000000010794                alt_irq_init
                0x00000000000107b4                alt_sys_init
 .text          0x00000000000107b8       0x34 ../timer_display_bsp/\libhal_bsp.a(altera_avalon_jtag_uart_write.o)
                0x00000000000107b8                altera_avalon_jtag_uart_write
 .text          0x00000000000107ec        0x4 ../timer_display_bsp/\libhal_bsp.a(alt_dcache_flush_all.o)
                0x00000000000107ec                alt_dcache_flush_all
 .text          0x00000000000107f0        0x0 ../timer_display_bsp/\libhal_bsp.a(alt_exception_entry.o)
 .text          0x00000000000107f0        0x4 ../timer_display_bsp/\libhal_bsp.a(alt_icache_flush_all.o)
                0x00000000000107f0                alt_icache_flush_all
 .text          0x00000000000107f4       0x74 ../timer_display_bsp/\libhal_bsp.a(alt_instruction_exception_entry.o)
                0x00000000000107f4                alt_exception_cause_generated_bad_addr
 .text          0x0000000000010868        0x8 ../timer_display_bsp/\libhal_bsp.a(altera_nios2_gen2_irq.o)
                0x0000000000010868                altera_nios2_gen2_irq_init
 .text          0x0000000000010870        0x0 c:/intelfpga_lite/18.1/nios2eds/bin/gnu/h-x86_64-mingw32/bin/../lib/gcc/nios2-elf/5.3.0/../../../../../H-x86_64-mingw32/nios2-elf/lib/mno-hw-mul\libsmallc.a(lib_a-strlen.o)
 .text.strlen   0x0000000000010870       0x1c c:/intelfpga_lite/18.1/nios2eds/bin/gnu/h-x86_64-mingw32/bin/../lib/gcc/nios2-elf/5.3.0/../../../../../H-x86_64-mingw32/nios2-elf/lib/mno-hw-mul\libsmallc.a(lib_a-strlen.o)
                0x0000000000010870                strlen
 *(.gnu.warning.*)
 *(.fini)
                [!provide]                        PROVIDE (__etext, ABSOLUTE (.))
                [!provide]                        PROVIDE (_etext, ABSOLUTE (.))
                [!provide]                        PROVIDE (etext, ABSOLUTE (.))
 *(.eh_frame_hdr)
                0x000000000001088c                . = ALIGN (0x4)
                [!provide]                        PROVIDE (__preinit_array_start, ABSOLUTE (.))
 *(.preinit_array)
                [!provide]                        PROVIDE (__preinit_array_end, ABSOLUTE (.))
                [!provide]                        PROVIDE (__init_array_start, ABSOLUTE (.))
 *(.init_array)
                [!provide]                        PROVIDE (__init_array_end, ABSOLUTE (.))
                [!provide]                        PROVIDE (__fini_array_start, ABSOLUTE (.))
 *(.fini_array)
                [!provide]                        PROVIDE (__fini_array_end, ABSOLUTE (.))
 *(.eh_frame)
 *(.gcc_except_table .gcc_except_table.*)
 *(.dynamic)
                [!provide]                        PROVIDE (__CTOR_LIST__, ABSOLUTE (.))
 *(.ctors)
 *(SORT(.ctors.*))
                [!provide]                        PROVIDE (__CTOR_END__, ABSOLUTE (.))
                [!provide]                        PROVIDE (__DTOR_LIST__, ABSOLUTE (.))
 *(.dtors)
 *(SORT(.dtors.*))
                [!provide]                        PROVIDE (__DTOR_END__, ABSOLUTE (.))
 *(.jcr)
                0x000000000001088c                . = ALIGN (0x4)

.rodata         0x000000000001088c      0x138
                0x000000000001088c                PROVIDE (__ram_rodata_start, ABSOLUTE (.))
                0x000000000001088c                . = ALIGN (0x4)
 *(.rodata .rodata.* .gnu.linkonce.r.*)
 .rodata.str1.4
                0x000000000001088c      0x138 obj/default/hello_world_small.o
                                        0x137 (size before relaxing)
 *(.rodata1)
                0x00000000000109c4                . = ALIGN (0x4)
                0x00000000000109c4                PROVIDE (__ram_rodata_end, ABSOLUTE (.))
                0x000000000001088c                PROVIDE (__flash_rodata_start, LOADADDR (.rodata))

.rwdata         0x00000000000109c4       0x20 load address 0x00000000000109e4
                0x00000000000109c4                PROVIDE (__ram_rwdata_start, ABSOLUTE (.))
                0x00000000000109c4                . = ALIGN (0x4)
 *(.got.plt)
 *(.got)
 *(.data1)
 *(.data .data.* .gnu.linkonce.d.*)
 .data          0x00000000000109c4        0x0 ../timer_display_bsp//obj/HAL/src/crt0.o
 .data          0x00000000000109c4        0x0 obj/default/hello_world_small.o
 .data          0x00000000000109c4        0x0 ../timer_display_bsp/\libhal_bsp.a(alt_iic.o)
 .data          0x00000000000109c4        0x0 ../timer_display_bsp/\libhal_bsp.a(alt_iic_isr_register.o)
 .data          0x00000000000109c4        0x0 ../timer_display_bsp/\libhal_bsp.a(alt_irq_entry.o)
 .data          0x00000000000109c4        0x0 ../timer_display_bsp/\libhal_bsp.a(alt_irq_handler.o)
 .data          0x00000000000109c4        0x0 ../timer_display_bsp/\libhal_bsp.a(alt_irq_vars.o)
 .data          0x00000000000109c4        0x0 ../timer_display_bsp/\libhal_bsp.a(alt_load.o)
 .data          0x00000000000109c4        0x0 ../timer_display_bsp/\libhal_bsp.a(alt_main.o)
 .data          0x00000000000109c4        0x0 ../timer_display_bsp/\libhal_bsp.a(alt_printf.o)
 .data          0x00000000000109c4        0x0 ../timer_display_bsp/\libhal_bsp.a(alt_putchar.o)
 .data          0x00000000000109c4        0x0 ../timer_display_bsp/\libhal_bsp.a(alt_putstr.o)
 .data          0x00000000000109c4        0x0 ../timer_display_bsp/\libhal_bsp.a(alt_sys_init.o)
 .data          0x00000000000109c4        0x0 ../timer_display_bsp/\libhal_bsp.a(altera_avalon_jtag_uart_write.o)
 .data          0x00000000000109c4        0x0 ../timer_display_bsp/\libhal_bsp.a(alt_dcache_flush_all.o)
 .data          0x00000000000109c4        0x0 ../timer_display_bsp/\libhal_bsp.a(alt_exception_entry.o)
 .data          0x00000000000109c4        0x0 ../timer_display_bsp/\libhal_bsp.a(alt_icache_flush_all.o)
 .data          0x00000000000109c4        0x0 ../timer_display_bsp/\libhal_bsp.a(alt_instruction_exception_entry.o)
 .data          0x00000000000109c4        0x0 ../timer_display_bsp/\libhal_bsp.a(altera_nios2_gen2_irq.o)
 .data          0x00000000000109c4        0x0 c:/intelfpga_lite/18.1/nios2eds/bin/gnu/h-x86_64-mingw32/bin/../lib/gcc/nios2-elf/5.3.0/../../../../../H-x86_64-mingw32/nios2-elf/lib/mno-hw-mul\libsmallc.a(lib_a-strlen.o)
                0x00000000000189c4                _gp = ABSOLUTE ((. + 0x8000))
                [!provide]                        PROVIDE (gp, _gp)
 *(.rwdata .rwdata.*)
 *(.sdata .sdata.* .gnu.linkonce.s.*)
 .sdata         0x00000000000109c4       0x18 obj/default/hello_world_small.o
                0x00000000000109c4                reset_button_pio_edge_capture
                0x00000000000109c8                reset_button_pio_intr_mask
                0x00000000000109cc                start_button_pio_edge_capture
                0x00000000000109d0                start_button_pio_intr_mask
                0x00000000000109d4                timer_ctrl_ptr
                0x00000000000109d8                timer_status_ptr
 .sdata         0x00000000000109dc        0x4 ../timer_display_bsp/\libhal_bsp.a(alt_irq_vars.o)
                0x00000000000109dc                alt_priority_mask
 .sdata         0x00000000000109e0        0x4 ../timer_display_bsp/\libhal_bsp.a(alt_sys_init.o)
                0x00000000000109e0                UART
 *(.sdata2 .sdata2.* .gnu.linkonce.s2.*)
                0x00000000000109e4                . = ALIGN (0x4)
                0x00000000000109e4                _edata = ABSOLUTE (.)
                [!provide]                        PROVIDE (edata, ABSOLUTE (.))
                0x00000000000109e4                PROVIDE (__ram_rwdata_end, ABSOLUTE (.))
                0x00000000000109e4                PROVIDE (__flash_rwdata_start, LOADADDR (.rwdata))

.bss            0x0000000000010a04      0x118
                0x0000000000010a04                __bss_start = ABSOLUTE (.)
                [!provide]                        PROVIDE (__sbss_start, ABSOLUTE (.))
                [!provide]                        PROVIDE (___sbss_start, ABSOLUTE (.))
 *(.dynsbss)
 *(.sbss .sbss.* .gnu.linkonce.sb.*)
 .sbss          0x0000000000010a04        0x4 obj/default/hello_world_small.o
                0x0000000000010a04                seconds_counter
 .sbss          0x0000000000010a08        0x4 ../timer_display_bsp/\libhal_bsp.a(alt_irq_vars.o)
                0x0000000000010a08                alt_irq_active
 .sbss          0x0000000000010a0c        0xc ../timer_display_bsp/\libhal_bsp.a(alt_main.o)
                0x0000000000010a0c                alt_envp
                0x0000000000010a10                alt_argv
                0x0000000000010a14                alt_argc
 .sbss          0x0000000000010a18        0x4 ../timer_display_bsp/\libhal_bsp.a(alt_instruction_exception_entry.o)
                0x0000000000010a18                alt_instruction_exception_handler
 *(.sbss2 .sbss2.* .gnu.linkonce.sb2.*)
 *(.scommon)
                [!provide]                        PROVIDE (__sbss_end, ABSOLUTE (.))
                [!provide]                        PROVIDE (___sbss_end, ABSOLUTE (.))
 *(.dynbss)
 *(.bss .bss.* .gnu.linkonce.b.*)
 .bss           0x0000000000010a1c        0x0 ../timer_display_bsp//obj/HAL/src/crt0.o
 .bss           0x0000000000010a1c        0x0 obj/default/hello_world_small.o
 .bss           0x0000000000010a1c        0x0 ../timer_display_bsp/\libhal_bsp.a(alt_iic.o)
 .bss           0x0000000000010a1c        0x0 ../timer_display_bsp/\libhal_bsp.a(alt_iic_isr_register.o)
 .bss           0x0000000000010a1c        0x0 ../timer_display_bsp/\libhal_bsp.a(alt_irq_entry.o)
 .bss           0x0000000000010a1c        0x0 ../timer_display_bsp/\libhal_bsp.a(alt_irq_handler.o)
 .bss           0x0000000000010a1c        0x0 ../timer_display_bsp/\libhal_bsp.a(alt_irq_vars.o)
 .bss           0x0000000000010a1c        0x0 ../timer_display_bsp/\libhal_bsp.a(alt_load.o)
 .bss           0x0000000000010a1c        0x0 ../timer_display_bsp/\libhal_bsp.a(alt_main.o)
 .bss           0x0000000000010a1c        0x0 ../timer_display_bsp/\libhal_bsp.a(alt_printf.o)
 .bss           0x0000000000010a1c        0x0 ../timer_display_bsp/\libhal_bsp.a(alt_putchar.o)
 .bss           0x0000000000010a1c        0x0 ../timer_display_bsp/\libhal_bsp.a(alt_putstr.o)
 .bss           0x0000000000010a1c        0x0 ../timer_display_bsp/\libhal_bsp.a(alt_sys_init.o)
 .bss           0x0000000000010a1c        0x0 ../timer_display_bsp/\libhal_bsp.a(altera_avalon_jtag_uart_write.o)
 .bss           0x0000000000010a1c        0x0 ../timer_display_bsp/\libhal_bsp.a(alt_dcache_flush_all.o)
 .bss           0x0000000000010a1c        0x0 ../timer_display_bsp/\libhal_bsp.a(alt_exception_entry.o)
 .bss           0x0000000000010a1c        0x0 ../timer_display_bsp/\libhal_bsp.a(alt_icache_flush_all.o)
 .bss           0x0000000000010a1c        0x0 ../timer_display_bsp/\libhal_bsp.a(alt_instruction_exception_entry.o)
 .bss           0x0000000000010a1c        0x0 ../timer_display_bsp/\libhal_bsp.a(altera_nios2_gen2_irq.o)
 .bss           0x0000000000010a1c        0x0 c:/intelfpga_lite/18.1/nios2eds/bin/gnu/h-x86_64-mingw32/bin/../lib/gcc/nios2-elf/5.3.0/../../../../../H-x86_64-mingw32/nios2-elf/lib/mno-hw-mul\libsmallc.a(lib_a-strlen.o)
 *(COMMON)
 COMMON         0x0000000000010a1c      0x100 ../timer_display_bsp/\libhal_bsp.a(alt_irq_handler.o)
                0x0000000000010a1c                alt_irq
                0x0000000000010b1c                . = ALIGN (0x4)
                0x0000000000010b1c                __bss_end = ABSOLUTE (.)

.RAM            0x0000000000010b1c        0x0
                [!provide]                        PROVIDE (_alt_partition_RAM_start, ABSOLUTE (.))
 *(.RAM .RAM. RAM.*)
                0x0000000000010b1c                . = ALIGN (0x4)
                [!provide]                        PROVIDE (_alt_partition_RAM_end, ABSOLUTE (.))
                0x0000000000010b1c                _end = ABSOLUTE (.)
                0x0000000000010b1c                end = ABSOLUTE (.)
                0x0000000000010b1c                __alt_stack_base = ABSOLUTE (.)
                [!provide]                        PROVIDE (_alt_partition_RAM_load_addr, LOADADDR (.RAM))

.stab
 *(.stab)

.stabstr
 *(.stabstr)

.stab.excl
 *(.stab.excl)

.stab.exclstr
 *(.stab.exclstr)

.stab.index
 *(.stab.index)

.stab.indexstr
 *(.stab.indexstr)

.comment        0x0000000000000000       0x23
 *(.comment)
 .comment       0x0000000000000000       0x23 obj/default/hello_world_small.o
                                         0x24 (size before relaxing)
 .comment       0x0000000000000023       0x24 ../timer_display_bsp/\libhal_bsp.a(alt_iic.o)
 .comment       0x0000000000000023       0x24 ../timer_display_bsp/\libhal_bsp.a(alt_iic_isr_register.o)
 .comment       0x0000000000000023       0x24 ../timer_display_bsp/\libhal_bsp.a(alt_irq_handler.o)
 .comment       0x0000000000000023       0x24 ../timer_display_bsp/\libhal_bsp.a(alt_irq_vars.o)
 .comment       0x0000000000000023       0x24 ../timer_display_bsp/\libhal_bsp.a(alt_load.o)
 .comment       0x0000000000000023       0x24 ../timer_display_bsp/\libhal_bsp.a(alt_main.o)
 .comment       0x0000000000000023       0x24 ../timer_display_bsp/\libhal_bsp.a(alt_printf.o)
 .comment       0x0000000000000023       0x24 ../timer_display_bsp/\libhal_bsp.a(alt_putchar.o)
 .comment       0x0000000000000023       0x24 ../timer_display_bsp/\libhal_bsp.a(alt_putstr.o)
 .comment       0x0000000000000023       0x24 ../timer_display_bsp/\libhal_bsp.a(alt_sys_init.o)
 .comment       0x0000000000000023       0x24 ../timer_display_bsp/\libhal_bsp.a(altera_avalon_jtag_uart_write.o)
 .comment       0x0000000000000023       0x24 ../timer_display_bsp/\libhal_bsp.a(alt_dcache_flush_all.o)
 .comment       0x0000000000000023       0x24 ../timer_display_bsp/\libhal_bsp.a(alt_icache_flush_all.o)
 .comment       0x0000000000000023       0x24 ../timer_display_bsp/\libhal_bsp.a(alt_instruction_exception_entry.o)
 .comment       0x0000000000000023       0x24 ../timer_display_bsp/\libhal_bsp.a(altera_nios2_gen2_irq.o)
 .comment       0x0000000000000023       0x24 c:/intelfpga_lite/18.1/nios2eds/bin/gnu/h-x86_64-mingw32/bin/../lib/gcc/nios2-elf/5.3.0/../../../../../H-x86_64-mingw32/nios2-elf/lib/mno-hw-mul\libsmallc.a(lib_a-strlen.o)

.debug
 *(.debug)

.line
 *(.line)

.debug_srcinfo
 *(.debug_srcinfo)

.debug_sfnames
 *(.debug_sfnames)

.debug_aranges  0x0000000000000000      0x2b8
 *(.debug_aranges)
 .debug_aranges
                0x0000000000000000       0x28 ../timer_display_bsp//obj/HAL/src/crt0.o
 .debug_aranges
                0x0000000000000028       0x28 obj/default/hello_world_small.o
 .debug_aranges
                0x0000000000000050       0x20 ../timer_display_bsp/\libhal_bsp.a(alt_iic.o)
 .debug_aranges
                0x0000000000000070       0x20 ../timer_display_bsp/\libhal_bsp.a(alt_iic_isr_register.o)
 .debug_aranges
                0x0000000000000090       0x30 ../timer_display_bsp/\libhal_bsp.a(alt_irq_entry.o)
 .debug_aranges
                0x00000000000000c0       0x20 ../timer_display_bsp/\libhal_bsp.a(alt_irq_handler.o)
 .debug_aranges
                0x00000000000000e0       0x18 ../timer_display_bsp/\libhal_bsp.a(alt_irq_vars.o)
 .debug_aranges
                0x00000000000000f8       0x20 ../timer_display_bsp/\libhal_bsp.a(alt_load.o)
 .debug_aranges
                0x0000000000000118       0x20 ../timer_display_bsp/\libhal_bsp.a(alt_main.o)
 .debug_aranges
                0x0000000000000138       0x20 ../timer_display_bsp/\libhal_bsp.a(alt_printf.o)
 .debug_aranges
                0x0000000000000158       0x20 ../timer_display_bsp/\libhal_bsp.a(alt_putchar.o)
 .debug_aranges
                0x0000000000000178       0x20 ../timer_display_bsp/\libhal_bsp.a(alt_putstr.o)
 .debug_aranges
                0x0000000000000198       0x20 ../timer_display_bsp/\libhal_bsp.a(alt_sys_init.o)
 .debug_aranges
                0x00000000000001b8       0x20 ../timer_display_bsp/\libhal_bsp.a(altera_avalon_jtag_uart_write.o)
 .debug_aranges
                0x00000000000001d8       0x20 ../timer_display_bsp/\libhal_bsp.a(alt_dcache_flush_all.o)
 .debug_aranges
                0x00000000000001f8       0x38 ../timer_display_bsp/\libhal_bsp.a(alt_exception_entry.o)
 .debug_aranges
                0x0000000000000230       0x20 ../timer_display_bsp/\libhal_bsp.a(alt_icache_flush_all.o)
 .debug_aranges
                0x0000000000000250       0x28 ../timer_display_bsp/\libhal_bsp.a(alt_instruction_exception_entry.o)
 .debug_aranges
                0x0000000000000278       0x20 ../timer_display_bsp/\libhal_bsp.a(altera_nios2_gen2_irq.o)
 .debug_aranges
                0x0000000000000298       0x20 c:/intelfpga_lite/18.1/nios2eds/bin/gnu/h-x86_64-mingw32/bin/../lib/gcc/nios2-elf/5.3.0/../../../../../H-x86_64-mingw32/nios2-elf/lib/mno-hw-mul\libsmallc.a(lib_a-strlen.o)

.debug_pubnames
 *(.debug_pubnames)

.debug_info     0x0000000000000000     0x1c2c
 *(.debug_info .gnu.linkonce.wi.*)
 .debug_info    0x0000000000000000       0x9d ../timer_display_bsp//obj/HAL/src/crt0.o
 .debug_info    0x000000000000009d      0x3e2 obj/default/hello_world_small.o
 .debug_info    0x000000000000047f      0x38a ../timer_display_bsp/\libhal_bsp.a(alt_iic.o)
 .debug_info    0x0000000000000809      0x232 ../timer_display_bsp/\libhal_bsp.a(alt_iic_isr_register.o)
 .debug_info    0x0000000000000a3b       0xa6 ../timer_display_bsp/\libhal_bsp.a(alt_irq_entry.o)
 .debug_info    0x0000000000000ae1      0x184 ../timer_display_bsp/\libhal_bsp.a(alt_irq_handler.o)
 .debug_info    0x0000000000000c65       0x88 ../timer_display_bsp/\libhal_bsp.a(alt_irq_vars.o)
 .debug_info    0x0000000000000ced      0x1c9 ../timer_display_bsp/\libhal_bsp.a(alt_load.o)
 .debug_info    0x0000000000000eb6      0x169 ../timer_display_bsp/\libhal_bsp.a(alt_main.o)
 .debug_info    0x000000000000101f      0x14d ../timer_display_bsp/\libhal_bsp.a(alt_printf.o)
 .debug_info    0x000000000000116c      0x12a ../timer_display_bsp/\libhal_bsp.a(alt_putchar.o)
 .debug_info    0x0000000000001296      0x13a ../timer_display_bsp/\libhal_bsp.a(alt_putstr.o)
 .debug_info    0x00000000000013d0      0x19d ../timer_display_bsp/\libhal_bsp.a(alt_sys_init.o)
 .debug_info    0x000000000000156d      0x197 ../timer_display_bsp/\libhal_bsp.a(altera_avalon_jtag_uart_write.o)
 .debug_info    0x0000000000001704       0x92 ../timer_display_bsp/\libhal_bsp.a(alt_dcache_flush_all.o)
 .debug_info    0x0000000000001796       0xac ../timer_display_bsp/\libhal_bsp.a(alt_exception_entry.o)
 .debug_info    0x0000000000001842       0x92 ../timer_display_bsp/\libhal_bsp.a(alt_icache_flush_all.o)
 .debug_info    0x00000000000018d4      0x1fd ../timer_display_bsp/\libhal_bsp.a(alt_instruction_exception_entry.o)
 .debug_info    0x0000000000001ad1       0x92 ../timer_display_bsp/\libhal_bsp.a(altera_nios2_gen2_irq.o)
 .debug_info    0x0000000000001b63       0xc9 c:/intelfpga_lite/18.1/nios2eds/bin/gnu/h-x86_64-mingw32/bin/../lib/gcc/nios2-elf/5.3.0/../../../../../H-x86_64-mingw32/nios2-elf/lib/mno-hw-mul\libsmallc.a(lib_a-strlen.o)

.debug_abbrev   0x0000000000000000      0xe90
 *(.debug_abbrev)
 .debug_abbrev  0x0000000000000000       0x12 ../timer_display_bsp//obj/HAL/src/crt0.o
 .debug_abbrev  0x0000000000000012      0x16f obj/default/hello_world_small.o
 .debug_abbrev  0x0000000000000181      0x1a0 ../timer_display_bsp/\libhal_bsp.a(alt_iic.o)
 .debug_abbrev  0x0000000000000321      0x19c ../timer_display_bsp/\libhal_bsp.a(alt_iic_isr_register.o)
 .debug_abbrev  0x00000000000004bd       0x12 ../timer_display_bsp/\libhal_bsp.a(alt_irq_entry.o)
 .debug_abbrev  0x00000000000004cf      0x120 ../timer_display_bsp/\libhal_bsp.a(alt_irq_handler.o)
 .debug_abbrev  0x00000000000005ef       0x40 ../timer_display_bsp/\libhal_bsp.a(alt_irq_vars.o)
 .debug_abbrev  0x000000000000062f       0xd8 ../timer_display_bsp/\libhal_bsp.a(alt_load.o)
 .debug_abbrev  0x0000000000000707       0xee ../timer_display_bsp/\libhal_bsp.a(alt_main.o)
 .debug_abbrev  0x00000000000007f5       0xd5 ../timer_display_bsp/\libhal_bsp.a(alt_printf.o)
 .debug_abbrev  0x00000000000008ca       0xd2 ../timer_display_bsp/\libhal_bsp.a(alt_putchar.o)
 .debug_abbrev  0x000000000000099c       0xd3 ../timer_display_bsp/\libhal_bsp.a(alt_putstr.o)
 .debug_abbrev  0x0000000000000a6f      0x10e ../timer_display_bsp/\libhal_bsp.a(alt_sys_init.o)
 .debug_abbrev  0x0000000000000b7d       0xd5 ../timer_display_bsp/\libhal_bsp.a(altera_avalon_jtag_uart_write.o)
 .debug_abbrev  0x0000000000000c52       0x42 ../timer_display_bsp/\libhal_bsp.a(alt_dcache_flush_all.o)
 .debug_abbrev  0x0000000000000c94       0x12 ../timer_display_bsp/\libhal_bsp.a(alt_exception_entry.o)
 .debug_abbrev  0x0000000000000ca6       0x42 ../timer_display_bsp/\libhal_bsp.a(alt_icache_flush_all.o)
 .debug_abbrev  0x0000000000000ce8       0xe7 ../timer_display_bsp/\libhal_bsp.a(alt_instruction_exception_entry.o)
 .debug_abbrev  0x0000000000000dcf       0x42 ../timer_display_bsp/\libhal_bsp.a(altera_nios2_gen2_irq.o)
 .debug_abbrev  0x0000000000000e11       0x7f c:/intelfpga_lite/18.1/nios2eds/bin/gnu/h-x86_64-mingw32/bin/../lib/gcc/nios2-elf/5.3.0/../../../../../H-x86_64-mingw32/nios2-elf/lib/mno-hw-mul\libsmallc.a(lib_a-strlen.o)

.debug_line     0x0000000000000000      0xda8
 *(.debug_line)
 .debug_line    0x0000000000000000       0x66 ../timer_display_bsp//obj/HAL/src/crt0.o
 .debug_line    0x0000000000000066       0xef obj/default/hello_world_small.o
 .debug_line    0x0000000000000155       0xf1 ../timer_display_bsp/\libhal_bsp.a(alt_iic.o)
 .debug_line    0x0000000000000246       0xd6 ../timer_display_bsp/\libhal_bsp.a(alt_iic_isr_register.o)
 .debug_line    0x000000000000031c       0x6b ../timer_display_bsp/\libhal_bsp.a(alt_irq_entry.o)
 .debug_line    0x0000000000000387       0xa5 ../timer_display_bsp/\libhal_bsp.a(alt_irq_handler.o)
 .debug_line    0x000000000000042c       0x50 ../timer_display_bsp/\libhal_bsp.a(alt_irq_vars.o)
 .debug_line    0x000000000000047c       0xa4 ../timer_display_bsp/\libhal_bsp.a(alt_load.o)
 .debug_line    0x0000000000000520       0xbd ../timer_display_bsp/\libhal_bsp.a(alt_main.o)
 .debug_line    0x00000000000005dd      0x112 ../timer_display_bsp/\libhal_bsp.a(alt_printf.o)
 .debug_line    0x00000000000006ef       0x55 ../timer_display_bsp/\libhal_bsp.a(alt_putchar.o)
 .debug_line    0x0000000000000744       0xa0 ../timer_display_bsp/\libhal_bsp.a(alt_putstr.o)
 .debug_line    0x00000000000007e4      0x11a ../timer_display_bsp/\libhal_bsp.a(alt_sys_init.o)
 .debug_line    0x00000000000008fe       0xf0 ../timer_display_bsp/\libhal_bsp.a(altera_avalon_jtag_uart_write.o)
 .debug_line    0x00000000000009ee       0x4e ../timer_display_bsp/\libhal_bsp.a(alt_dcache_flush_all.o)
 .debug_line    0x0000000000000a3c       0xb3 ../timer_display_bsp/\libhal_bsp.a(alt_exception_entry.o)
 .debug_line    0x0000000000000aef       0x4e ../timer_display_bsp/\libhal_bsp.a(alt_icache_flush_all.o)
 .debug_line    0x0000000000000b3d       0xbf ../timer_display_bsp/\libhal_bsp.a(alt_instruction_exception_entry.o)
 .debug_line    0x0000000000000bfc       0x50 ../timer_display_bsp/\libhal_bsp.a(altera_nios2_gen2_irq.o)
 .debug_line    0x0000000000000c4c      0x15c c:/intelfpga_lite/18.1/nios2eds/bin/gnu/h-x86_64-mingw32/bin/../lib/gcc/nios2-elf/5.3.0/../../../../../H-x86_64-mingw32/nios2-elf/lib/mno-hw-mul\libsmallc.a(lib_a-strlen.o)

.debug_frame    0x0000000000000000      0x39c
 *(.debug_frame)
 .debug_frame   0x0000000000000000       0xcc obj/default/hello_world_small.o
 .debug_frame   0x00000000000000cc       0x50 ../timer_display_bsp/\libhal_bsp.a(alt_iic.o)
 .debug_frame   0x000000000000011c       0x30 ../timer_display_bsp/\libhal_bsp.a(alt_iic_isr_register.o)
 .debug_frame   0x000000000000014c       0x34 ../timer_display_bsp/\libhal_bsp.a(alt_irq_handler.o)
 .debug_frame   0x0000000000000180       0x30 ../timer_display_bsp/\libhal_bsp.a(alt_load.o)
 .debug_frame   0x00000000000001b0       0x2c ../timer_display_bsp/\libhal_bsp.a(alt_main.o)
 .debug_frame   0x00000000000001dc       0x54 ../timer_display_bsp/\libhal_bsp.a(alt_printf.o)
 .debug_frame   0x0000000000000230       0x30 ../timer_display_bsp/\libhal_bsp.a(alt_putchar.o)
 .debug_frame   0x0000000000000260       0x30 ../timer_display_bsp/\libhal_bsp.a(alt_putstr.o)
 .debug_frame   0x0000000000000290       0x3c ../timer_display_bsp/\libhal_bsp.a(alt_sys_init.o)
 .debug_frame   0x00000000000002cc       0x20 ../timer_display_bsp/\libhal_bsp.a(altera_avalon_jtag_uart_write.o)
 .debug_frame   0x00000000000002ec       0x20 ../timer_display_bsp/\libhal_bsp.a(alt_dcache_flush_all.o)
 .debug_frame   0x000000000000030c       0x20 ../timer_display_bsp/\libhal_bsp.a(alt_icache_flush_all.o)
 .debug_frame   0x000000000000032c       0x30 ../timer_display_bsp/\libhal_bsp.a(alt_instruction_exception_entry.o)
 .debug_frame   0x000000000000035c       0x20 ../timer_display_bsp/\libhal_bsp.a(altera_nios2_gen2_irq.o)
 .debug_frame   0x000000000000037c       0x20 c:/intelfpga_lite/18.1/nios2eds/bin/gnu/h-x86_64-mingw32/bin/../lib/gcc/nios2-elf/5.3.0/../../../../../H-x86_64-mingw32/nios2-elf/lib/mno-hw-mul\libsmallc.a(lib_a-strlen.o)

.debug_str      0x0000000000000000      0xde2
 *(.debug_str)
 .debug_str     0x0000000000000000      0x262 obj/default/hello_world_small.o
                                        0x2a8 (size before relaxing)
 .debug_str     0x0000000000000262      0x173 ../timer_display_bsp/\libhal_bsp.a(alt_iic.o)
                                        0x282 (size before relaxing)
 .debug_str     0x00000000000003d5       0x37 ../timer_display_bsp/\libhal_bsp.a(alt_iic_isr_register.o)
                                        0x23c (size before relaxing)
 .debug_str     0x000000000000040c       0x3a ../timer_display_bsp/\libhal_bsp.a(alt_irq_handler.o)
                                        0x1c6 (size before relaxing)
 .debug_str     0x0000000000000446       0x17 ../timer_display_bsp/\libhal_bsp.a(alt_irq_vars.o)
                                        0x169 (size before relaxing)
 .debug_str     0x000000000000045d      0x113 ../timer_display_bsp/\libhal_bsp.a(alt_load.o)
                                        0x26b (size before relaxing)
 .debug_str     0x0000000000000570       0x8f ../timer_display_bsp/\libhal_bsp.a(alt_main.o)
                                        0x1e4 (size before relaxing)
 .debug_str     0x00000000000005ff       0x59 ../timer_display_bsp/\libhal_bsp.a(alt_printf.o)
                                        0x135 (size before relaxing)
 .debug_str     0x0000000000000658       0x59 ../timer_display_bsp/\libhal_bsp.a(alt_putchar.o)
                                        0x1b5 (size before relaxing)
 .debug_str     0x00000000000006b1       0x1c ../timer_display_bsp/\libhal_bsp.a(alt_putstr.o)
                                        0x1ba (size before relaxing)
 .debug_str     0x00000000000006cd       0xb9 ../timer_display_bsp/\libhal_bsp.a(alt_sys_init.o)
                                        0x286 (size before relaxing)
 .debug_str     0x0000000000000786       0x39 ../timer_display_bsp/\libhal_bsp.a(altera_avalon_jtag_uart_write.o)
                                        0x244 (size before relaxing)
 .debug_str     0x00000000000007bf       0x1f ../timer_display_bsp/\libhal_bsp.a(alt_dcache_flush_all.o)
                                        0x184 (size before relaxing)
 .debug_str     0x00000000000007de       0x1f ../timer_display_bsp/\libhal_bsp.a(alt_icache_flush_all.o)
                                        0x184 (size before relaxing)
 .debug_str     0x00000000000007fd      0x48b ../timer_display_bsp/\libhal_bsp.a(alt_instruction_exception_entry.o)
                                        0x5cf (size before relaxing)
 .debug_str     0x0000000000000c88       0x20 ../timer_display_bsp/\libhal_bsp.a(altera_nios2_gen2_irq.o)
                                        0x18b (size before relaxing)
 .debug_str     0x0000000000000ca8      0x13a c:/intelfpga_lite/18.1/nios2eds/bin/gnu/h-x86_64-mingw32/bin/../lib/gcc/nios2-elf/5.3.0/../../../../../H-x86_64-mingw32/nios2-elf/lib/mno-hw-mul\libsmallc.a(lib_a-strlen.o)
                                        0x1e5 (size before relaxing)

.debug_loc      0x0000000000000000      0x806
 *(.debug_loc)
 .debug_loc     0x0000000000000000      0x121 obj/default/hello_world_small.o
 .debug_loc     0x0000000000000121      0x170 ../timer_display_bsp/\libhal_bsp.a(alt_iic.o)
 .debug_loc     0x0000000000000291      0x193 ../timer_display_bsp/\libhal_bsp.a(alt_iic_isr_register.o)
 .debug_loc     0x0000000000000424       0x72 ../timer_display_bsp/\libhal_bsp.a(alt_irq_handler.o)
 .debug_loc     0x0000000000000496      0x1de ../timer_display_bsp/\libhal_bsp.a(alt_printf.o)
 .debug_loc     0x0000000000000674       0x2c ../timer_display_bsp/\libhal_bsp.a(alt_putchar.o)
 .debug_loc     0x00000000000006a0       0x37 ../timer_display_bsp/\libhal_bsp.a(alt_putstr.o)
 .debug_loc     0x00000000000006d7       0x21 ../timer_display_bsp/\libhal_bsp.a(alt_sys_init.o)
 .debug_loc     0x00000000000006f8       0x8b ../timer_display_bsp/\libhal_bsp.a(altera_avalon_jtag_uart_write.o)
 .debug_loc     0x0000000000000783       0x65 ../timer_display_bsp/\libhal_bsp.a(alt_instruction_exception_entry.o)
 .debug_loc     0x00000000000007e8       0x1e c:/intelfpga_lite/18.1/nios2eds/bin/gnu/h-x86_64-mingw32/bin/../lib/gcc/nios2-elf/5.3.0/../../../../../H-x86_64-mingw32/nios2-elf/lib/mno-hw-mul\libsmallc.a(lib_a-strlen.o)

.debug_macinfo
 *(.debug_macinfo)

.debug_weaknames
 *(.debug_weaknames)

.debug_funcnames
 *(.debug_funcnames)

.debug_typenames
 *(.debug_typenames)

.debug_varnames
 *(.debug_varnames)

.debug_alt_sim_info
                0x0000000000000000       0x10
 *(.debug_alt_sim_info)
 .debug_alt_sim_info
                0x0000000000000000       0x10 ../timer_display_bsp//obj/HAL/src/crt0.o
                0x0000000000020000                __alt_data_end = 0x20000
                0x0000000000020000                PROVIDE (__alt_stack_pointer, __alt_data_end)
                [!provide]                        PROVIDE (__alt_stack_limit, __alt_stack_base)
                [!provide]                        PROVIDE (__alt_heap_start, end)
                [!provide]                        PROVIDE (__alt_heap_limit, 0x20000)
OUTPUT(timer_display.elf elf32-littlenios2)

.debug_ranges   0x0000000000000000      0x178
 .debug_ranges  0x0000000000000000       0x20 ../timer_display_bsp//obj/HAL/src/crt0.o
 .debug_ranges  0x0000000000000020       0x68 obj/default/hello_world_small.o
 .debug_ranges  0x0000000000000088       0x28 ../timer_display_bsp/\libhal_bsp.a(alt_irq_entry.o)
 .debug_ranges  0x00000000000000b0       0x10 ../timer_display_bsp/\libhal_bsp.a(alt_irq_handler.o)
 .debug_ranges  0x00000000000000c0       0x48 ../timer_display_bsp/\libhal_bsp.a(alt_load.o)
 .debug_ranges  0x0000000000000108       0x18 ../timer_display_bsp/\libhal_bsp.a(alt_printf.o)
 .debug_ranges  0x0000000000000120       0x30 ../timer_display_bsp/\libhal_bsp.a(alt_exception_entry.o)
 .debug_ranges  0x0000000000000150       0x18 ../timer_display_bsp/\libhal_bsp.a(alt_instruction_exception_entry.o)
 .debug_ranges  0x0000000000000168       0x10 c:/intelfpga_lite/18.1/nios2eds/bin/gnu/h-x86_64-mingw32/bin/../lib/gcc/nios2-elf/5.3.0/../../../../../H-x86_64-mingw32/nios2-elf/lib/mno-hw-mul\libsmallc.a(lib_a-strlen.o)
