Archive member included to satisfy reference by file (symbol)

c:/intelfpga_lite/18.1/nios2eds/bin/gnu/h-x86_64-mingw32/bin/../lib/gcc/nios2-elf/5.3.0/mno-hw-mul\libgcc.a(lib2-divmod.o)
                              obj/default/hello_world_small.o (__divsi3)
../timer_display_bsp/\libhal_bsp.a(alt_iic.o)
                              obj/default/hello_world_small.o (alt_ic_isr_register)
../timer_display_bsp/\libhal_bsp.a(alt_iic_isr_register.o)
                              ../timer_display_bsp/\libhal_bsp.a(alt_iic.o) (alt_iic_isr_register)
../timer_display_bsp/\libhal_bsp.a(alt_irq_entry.o)
                              ../timer_display_bsp/\libhal_bsp.a(alt_iic_isr_register.o) (alt_irq_entry)
../timer_display_bsp/\libhal_bsp.a(alt_irq_handler.o)
                              ../timer_display_bsp/\libhal_bsp.a(alt_iic_isr_register.o) (alt_irq_handler)
../timer_display_bsp/\libhal_bsp.a(alt_irq_vars.o)
                              ../timer_display_bsp/\libhal_bsp.a(alt_iic.o) (alt_irq_active)
../timer_display_bsp/\libhal_bsp.a(alt_load.o)
                              ../timer_display_bsp//obj/HAL/src/crt0.o (alt_load)
../timer_display_bsp/\libhal_bsp.a(alt_main.o)
                              ../timer_display_bsp//obj/HAL/src/crt0.o (alt_main)
../timer_display_bsp/\libhal_bsp.a(alt_printf.o)
                              obj/default/hello_world_small.o (alt_printf)
../timer_display_bsp/\libhal_bsp.a(alt_putchar.o)
                              ../timer_display_bsp/\libhal_bsp.a(alt_printf.o) (alt_putchar)
../timer_display_bsp/\libhal_bsp.a(alt_putstr.o)
                              obj/default/hello_world_small.o (alt_putstr)
../timer_display_bsp/\libhal_bsp.a(alt_sys_init.o)
                              ../timer_display_bsp/\libhal_bsp.a(alt_main.o) (alt_irq_init)
../timer_display_bsp/\libhal_bsp.a(altera_avalon_jtag_uart_write.o)
                              ../timer_display_bsp/\libhal_bsp.a(alt_putchar.o) (altera_avalon_jtag_uart_write)
../timer_display_bsp/\libhal_bsp.a(alt_dcache_flush_all.o)
                              ../timer_display_bsp/\libhal_bsp.a(alt_load.o) (alt_dcache_flush_all)
../timer_display_bsp/\libhal_bsp.a(alt_exception_entry.o)
                              ../timer_display_bsp/\libhal_bsp.a(alt_irq_entry.o) (alt_exception)
../timer_display_bsp/\libhal_bsp.a(alt_icache_flush_all.o)
                              ../timer_display_bsp/\libhal_bsp.a(alt_load.o) (alt_icache_flush_all)
../timer_display_bsp/\libhal_bsp.a(alt_instruction_exception_entry.o)
                              ../timer_display_bsp/\libhal_bsp.a(alt_exception_entry.o) (alt_instruction_exception_entry)
../timer_display_bsp/\libhal_bsp.a(altera_nios2_gen2_irq.o)
                              ../timer_display_bsp/\libhal_bsp.a(alt_sys_init.o) (altera_nios2_gen2_irq_init)
c:/intelfpga_lite/18.1/nios2eds/bin/gnu/h-x86_64-mingw32/bin/../lib/gcc/nios2-elf/5.3.0/../../../../../H-x86_64-mingw32/nios2-elf/lib/mno-hw-mul\libsmallc.a(lib_a-strlen.o)
                              ../timer_display_bsp/\libhal_bsp.a(alt_putstr.o) (strlen)

Allocating common symbols
Common symbol       size              file

alt_irq             0x100             ../timer_display_bsp/\libhal_bsp.a(alt_irq_handler.o)
seconds_counter     0x4               obj/default/hello_world_small.o

Memory Configuration

Name             Origin             Length             Attributes
reset            0x0000000000010000 0x0000000000000020
RAM              0x0000000000010020 0x000000000000ffe0
*default*        0x0000000000000000 0xffffffffffffffff

Linker script and memory map

LOAD ../timer_display_bsp//obj/HAL/src/crt0.o
LOAD obj/default/hello_world_small.o
LOAD c:/intelfpga_lite/18.1/nios2eds/bin/gnu/h-x86_64-mingw32/bin/../lib/gcc/nios2-elf/5.3.0/../../../../../H-x86_64-mingw32/nios2-elf/lib/mno-hw-mul\libstdc++.a
LOAD c:/intelfpga_lite/18.1/nios2eds/bin/gnu/h-x86_64-mingw32/bin/../lib/gcc/nios2-elf/5.3.0/../../../../../H-x86_64-mingw32/nios2-elf/lib/mno-hw-mul\libm.a
LOAD c:/intelfpga_lite/18.1/nios2eds/bin/gnu/h-x86_64-mingw32/bin/../lib/gcc/nios2-elf/5.3.0/mno-hw-mul\libgcc.a
START GROUP
LOAD c:/intelfpga_lite/18.1/nios2eds/bin/gnu/h-x86_64-mingw32/bin/../lib/gcc/nios2-elf/5.3.0/../../../../../H-x86_64-mingw32/nios2-elf/lib/mno-hw-mul\libsmallc.a
LOAD c:/intelfpga_lite/18.1/nios2eds/bin/gnu/h-x86_64-mingw32/bin/../lib/gcc/nios2-elf/5.3.0/mno-hw-mul\libgcc.a
LOAD ../timer_display_bsp/\libhal_bsp.a
LOAD c:/intelfpga_lite/18.1/nios2eds/bin/gnu/h-x86_64-mingw32/bin/../lib/gcc/nios2-elf/5.3.0/../../../../../H-x86_64-mingw32/nios2-elf/lib/mno-hw-mul\libm.a
END GROUP
LOAD c:/intelfpga_lite/18.1/nios2eds/bin/gnu/h-x86_64-mingw32/bin/../lib/gcc/nios2-elf/5.3.0/mno-hw-mul\libgcc.a
                0x0000000000010000                __alt_mem_RAM = 0x10000

.entry          0x0000000000010000       0x20
 *(.entry)
 .entry         0x0000000000010000       0x20 ../timer_display_bsp//obj/HAL/src/crt0.o
                0x0000000000010000                __reset
                0x000000000001000c                _exit

.exceptions     0x0000000000010020      0x160
                0x0000000000010020                PROVIDE (__ram_exceptions_start, ABSOLUTE (.))
                0x0000000000010020                . = ALIGN (0x20)
 *(.irq)
 *(.exceptions.entry.label)
 .exceptions.entry.label
                0x0000000000010020        0x0 ../timer_display_bsp/\libhal_bsp.a(alt_irq_entry.o)
                0x0000000000010020                alt_irq_entry
 .exceptions.entry.label
                0x0000000000010020        0x0 ../timer_display_bsp/\libhal_bsp.a(alt_exception_entry.o)
                0x0000000000010020                alt_exception
 *(.exceptions.entry.user)
 *(.exceptions.entry.ecc_fatal)
 *(.exceptions.entry)
 .exceptions.entry
                0x0000000000010020       0x54 ../timer_display_bsp/\libhal_bsp.a(alt_exception_entry.o)
 *(.exceptions.irqtest.user)
 *(.exceptions.irqtest)
 .exceptions.irqtest
                0x0000000000010074       0x10 ../timer_display_bsp/\libhal_bsp.a(alt_irq_entry.o)
 *(.exceptions.irqhandler.user)
 *(.exceptions.irqhandler)
 .exceptions.irqhandler
                0x0000000000010084        0x4 ../timer_display_bsp/\libhal_bsp.a(alt_irq_entry.o)
 *(.exceptions.irqreturn.user)
 *(.exceptions.irqreturn)
 .exceptions.irqreturn
                0x0000000000010088        0x4 ../timer_display_bsp/\libhal_bsp.a(alt_irq_entry.o)
 *(.exceptions.notirq.label)
 .exceptions.notirq.label
                0x000000000001008c        0x0 ../timer_display_bsp/\libhal_bsp.a(alt_irq_entry.o)
 *(.exceptions.notirq.user)
 *(.exceptions.notirq)
 .exceptions.notirq
                0x000000000001008c        0x8 ../timer_display_bsp/\libhal_bsp.a(alt_exception_entry.o)
 *(.exceptions.soft.user)
 *(.exceptions.soft)
 *(.exceptions.unknown.user)
 *(.exceptions.unknown)
 .exceptions.unknown
                0x0000000000010094       0x14 ../timer_display_bsp/\libhal_bsp.a(alt_exception_entry.o)
 *(.exceptions.exit.label)
 .exceptions.exit.label
                0x00000000000100a8        0x0 ../timer_display_bsp/\libhal_bsp.a(alt_irq_entry.o)
 .exceptions.exit.label
                0x00000000000100a8        0x0 ../timer_display_bsp/\libhal_bsp.a(alt_exception_entry.o)
 *(.exceptions.exit.user)
 *(.exceptions.exit)
 .exceptions.exit
                0x00000000000100a8       0x54 ../timer_display_bsp/\libhal_bsp.a(alt_exception_entry.o)
 *(.exceptions)
 .exceptions    0x00000000000100fc       0x60 ../timer_display_bsp/\libhal_bsp.a(alt_irq_handler.o)
                0x00000000000100fc                alt_irq_handler
 .exceptions    0x000000000001015c       0x24 ../timer_display_bsp/\libhal_bsp.a(alt_instruction_exception_entry.o)
                0x000000000001015c                alt_instruction_exception_entry
                0x0000000000010180                PROVIDE (__ram_exceptions_end, ABSOLUTE (.))
                0x0000000000010020                PROVIDE (__flash_exceptions_start, LOADADDR (.exceptions))

.text           0x0000000000010180      0xacc
                [!provide]                        PROVIDE (stext, ABSOLUTE (.))
 *(.interp)
 *(.hash)
 *(.dynsym)
 *(.dynstr)
 *(.gnu.version)
 *(.gnu.version_d)
 *(.gnu.version_r)
 *(.rel.init)
 *(.rela.init)
 *(.rel.text .rel.text.* .rel.gnu.linkonce.t.*)
 *(.rela.text .rela.text.* .rela.gnu.linkonce.t.*)
 *(.rel.fini)
 *(.rela.fini)
 *(.rel.rodata .rel.rodata.* .rel.gnu.linkonce.r.*)
 *(.rela.rodata .rela.rodata.* .rela.gnu.linkonce.r.*)
 *(.rel.data .rel.data.* .rel.gnu.linkonce.d.*)
 *(.rela.data .rela.data.* .rela.gnu.linkonce.d.*)
 *(.rel.tdata .rel.tdata.* .rel.gnu.linkonce.td.*)
 *(.rela.tdata .rela.tdata.* .rela.gnu.linkonce.td.*)
 *(.rel.tbss .rel.tbss.* .rel.gnu.linkonce.tb.*)
 *(.rela.tbss .rela.tbss.* .rela.gnu.linkonce.tb.*)
 *(.rel.ctors)
 *(.rela.ctors)
 *(.rel.dtors)
 *(.rela.dtors)
 *(.rel.got)
 *(.rela.got)
 *(.rel.sdata .rel.sdata.* .rel.gnu.linkonce.s.*)
 *(.rela.sdata .rela.sdata.* .rela.gnu.linkonce.s.*)
 *(.rel.sbss .rel.sbss.* .rel.gnu.linkonce.sb.*)
 *(.rela.sbss .rela.sbss.* .rela.gnu.linkonce.sb.*)
 *(.rel.sdata2 .rel.sdata2.* .rel.gnu.linkonce.s2.*)
 *(.rela.sdata2 .rela.sdata2.* .rela.gnu.linkonce.s2.*)
 *(.rel.sbss2 .rel.sbss2.* .rel.gnu.linkonce.sb2.*)
 *(.rela.sbss2 .rela.sbss2.* .rela.gnu.linkonce.sb2.*)
 *(.rel.bss .rel.bss.* .rel.gnu.linkonce.b.*)
 *(.rela.bss .rela.bss.* .rela.gnu.linkonce.b.*)
 *(.rel.plt)
 *(.rela.plt)
 *(.rel.dyn)
 *(.init)
 *(.plt)
 *(.text .stub .text.* .gnu.linkonce.t.*)
 .text          0x0000000000010180       0x3c ../timer_display_bsp//obj/HAL/src/crt0.o
                0x0000000000010180                _start
 .text          0x00000000000101bc      0x3c4 obj/default/hello_world_small.o
                0x00000000000101bc                timer_isr
                0x00000000000102d0                pause_button_isr
                0x0000000000010368                reset_button_isr
                0x00000000000103e4                init_timer_intr
                0x0000000000010430                start_button_isr
                0x0000000000010488                init_start_button_intr
                0x00000000000104d8                init_pause_button_intr
                0x000000000001052c                init_reset_button_intr
 .text.startup  0x0000000000010580       0x30 obj/default/hello_world_small.o
                0x0000000000010580                main
 .text          0x00000000000105b0      0x1b4 c:/intelfpga_lite/18.1/nios2eds/bin/gnu/h-x86_64-mingw32/bin/../lib/gcc/nios2-elf/5.3.0/mno-hw-mul\libgcc.a(lib2-divmod.o)
                0x00000000000105b0                __divsi3
                0x0000000000010634                __modsi3
                0x00000000000106a8                __udivsi3
                0x000000000001070c                __umodsi3
 .text          0x0000000000010764       0x8c ../timer_display_bsp/\libhal_bsp.a(alt_iic.o)
                0x0000000000010764                alt_ic_isr_register
                0x0000000000010768                alt_ic_irq_enable
                0x00000000000107a0                alt_ic_irq_disable
                0x00000000000107d8                alt_ic_irq_enabled
 .text          0x00000000000107f0       0x68 ../timer_display_bsp/\libhal_bsp.a(alt_iic_isr_register.o)
                0x00000000000107f0                alt_iic_isr_register
 .text          0x0000000000010858        0x0 ../timer_display_bsp/\libhal_bsp.a(alt_irq_entry.o)
 .text          0x0000000000010858        0x0 ../timer_display_bsp/\libhal_bsp.a(alt_irq_handler.o)
 .text          0x0000000000010858        0x0 ../timer_display_bsp/\libhal_bsp.a(alt_irq_vars.o)
 .text          0x0000000000010858       0xe0 ../timer_display_bsp/\libhal_bsp.a(alt_load.o)
                0x0000000000010858                alt_load
 .text          0x0000000000010938       0x2c ../timer_display_bsp/\libhal_bsp.a(alt_main.o)
                0x0000000000010938                alt_main
 .text          0x0000000000010964      0x170 ../timer_display_bsp/\libhal_bsp.a(alt_printf.o)
                0x0000000000010964                alt_printf
 .text          0x0000000000010ad4       0x48 ../timer_display_bsp/\libhal_bsp.a(alt_putchar.o)
                0x0000000000010ad4                alt_putchar
 .text          0x0000000000010b1c       0x38 ../timer_display_bsp/\libhal_bsp.a(alt_putstr.o)
                0x0000000000010b1c                alt_putstr
 .text          0x0000000000010b54       0x24 ../timer_display_bsp/\libhal_bsp.a(alt_sys_init.o)
                0x0000000000010b54                alt_irq_init
                0x0000000000010b74                alt_sys_init
 .text          0x0000000000010b78       0x34 ../timer_display_bsp/\libhal_bsp.a(altera_avalon_jtag_uart_write.o)
                0x0000000000010b78                altera_avalon_jtag_uart_write
 .text          0x0000000000010bac        0x4 ../timer_display_bsp/\libhal_bsp.a(alt_dcache_flush_all.o)
                0x0000000000010bac                alt_dcache_flush_all
 .text          0x0000000000010bb0        0x0 ../timer_display_bsp/\libhal_bsp.a(alt_exception_entry.o)
 .text          0x0000000000010bb0        0x4 ../timer_display_bsp/\libhal_bsp.a(alt_icache_flush_all.o)
                0x0000000000010bb0                alt_icache_flush_all
 .text          0x0000000000010bb4       0x74 ../timer_display_bsp/\libhal_bsp.a(alt_instruction_exception_entry.o)
                0x0000000000010bb4                alt_exception_cause_generated_bad_addr
 .text          0x0000000000010c28        0x8 ../timer_display_bsp/\libhal_bsp.a(altera_nios2_gen2_irq.o)
                0x0000000000010c28                altera_nios2_gen2_irq_init
 .text          0x0000000000010c30        0x0 c:/intelfpga_lite/18.1/nios2eds/bin/gnu/h-x86_64-mingw32/bin/../lib/gcc/nios2-elf/5.3.0/../../../../../H-x86_64-mingw32/nios2-elf/lib/mno-hw-mul\libsmallc.a(lib_a-strlen.o)
 .text.strlen   0x0000000000010c30       0x1c c:/intelfpga_lite/18.1/nios2eds/bin/gnu/h-x86_64-mingw32/bin/../lib/gcc/nios2-elf/5.3.0/../../../../../H-x86_64-mingw32/nios2-elf/lib/mno-hw-mul\libsmallc.a(lib_a-strlen.o)
                0x0000000000010c30                strlen
 *(.gnu.warning.*)
 *(.fini)
                [!provide]                        PROVIDE (__etext, ABSOLUTE (.))
                [!provide]                        PROVIDE (_etext, ABSOLUTE (.))
                [!provide]                        PROVIDE (etext, ABSOLUTE (.))
 *(.eh_frame_hdr)
                0x0000000000010c4c                . = ALIGN (0x4)
                [!provide]                        PROVIDE (__preinit_array_start, ABSOLUTE (.))
 *(.preinit_array)
                [!provide]                        PROVIDE (__preinit_array_end, ABSOLUTE (.))
                [!provide]                        PROVIDE (__init_array_start, ABSOLUTE (.))
 *(.init_array)
                [!provide]                        PROVIDE (__init_array_end, ABSOLUTE (.))
                [!provide]                        PROVIDE (__fini_array_start, ABSOLUTE (.))
 *(.fini_array)
                [!provide]                        PROVIDE (__fini_array_end, ABSOLUTE (.))
 *(.eh_frame)
 *(.gcc_except_table .gcc_except_table.*)
 *(.dynamic)
                [!provide]                        PROVIDE (__CTOR_LIST__, ABSOLUTE (.))
 *(.ctors)
 *(SORT(.ctors.*))
                [!provide]                        PROVIDE (__CTOR_END__, ABSOLUTE (.))
                [!provide]                        PROVIDE (__DTOR_LIST__, ABSOLUTE (.))
 *(.dtors)
 *(SORT(.dtors.*))
                [!provide]                        PROVIDE (__DTOR_END__, ABSOLUTE (.))
 *(.jcr)
                0x0000000000010c4c                . = ALIGN (0x4)

.rodata         0x0000000000010c4c      0x1e0
                0x0000000000010c4c                PROVIDE (__ram_rodata_start, ABSOLUTE (.))
                0x0000000000010c4c                . = ALIGN (0x4)
 *(.rodata .rodata.* .gnu.linkonce.r.*)
 .rodata.str1.4
                0x0000000000010c4c      0x1e0 obj/default/hello_world_small.o
                                        0x1df (size before relaxing)
 *(.rodata1)
                0x0000000000010e2c                . = ALIGN (0x4)
                0x0000000000010e2c                PROVIDE (__ram_rodata_end, ABSOLUTE (.))
                0x0000000000010c4c                PROVIDE (__flash_rodata_start, LOADADDR (.rodata))

.rwdata         0x0000000000010e2c       0x38 load address 0x0000000000010e64
                0x0000000000010e2c                PROVIDE (__ram_rwdata_start, ABSOLUTE (.))
                0x0000000000010e2c                . = ALIGN (0x4)
 *(.got.plt)
 *(.got)
 *(.data1)
 *(.data .data.* .gnu.linkonce.d.*)
 .data          0x0000000000010e2c        0x0 ../timer_display_bsp//obj/HAL/src/crt0.o
 .data          0x0000000000010e2c        0xa obj/default/hello_world_small.o
                0x0000000000010e2c                seg7
 .data          0x0000000000010e36        0x0 c:/intelfpga_lite/18.1/nios2eds/bin/gnu/h-x86_64-mingw32/bin/../lib/gcc/nios2-elf/5.3.0/mno-hw-mul\libgcc.a(lib2-divmod.o)
 .data          0x0000000000010e36        0x0 ../timer_display_bsp/\libhal_bsp.a(alt_iic.o)
 .data          0x0000000000010e36        0x0 ../timer_display_bsp/\libhal_bsp.a(alt_iic_isr_register.o)
 .data          0x0000000000010e36        0x0 ../timer_display_bsp/\libhal_bsp.a(alt_irq_entry.o)
 .data          0x0000000000010e36        0x0 ../timer_display_bsp/\libhal_bsp.a(alt_irq_handler.o)
 .data          0x0000000000010e36        0x0 ../timer_display_bsp/\libhal_bsp.a(alt_irq_vars.o)
 .data          0x0000000000010e36        0x0 ../timer_display_bsp/\libhal_bsp.a(alt_load.o)
 .data          0x0000000000010e36        0x0 ../timer_display_bsp/\libhal_bsp.a(alt_main.o)
 .data          0x0000000000010e36        0x0 ../timer_display_bsp/\libhal_bsp.a(alt_printf.o)
 .data          0x0000000000010e36        0x0 ../timer_display_bsp/\libhal_bsp.a(alt_putchar.o)
 .data          0x0000000000010e36        0x0 ../timer_display_bsp/\libhal_bsp.a(alt_putstr.o)
 .data          0x0000000000010e36        0x0 ../timer_display_bsp/\libhal_bsp.a(alt_sys_init.o)
 .data          0x0000000000010e36        0x0 ../timer_display_bsp/\libhal_bsp.a(altera_avalon_jtag_uart_write.o)
 .data          0x0000000000010e36        0x0 ../timer_display_bsp/\libhal_bsp.a(alt_dcache_flush_all.o)
 .data          0x0000000000010e36        0x0 ../timer_display_bsp/\libhal_bsp.a(alt_exception_entry.o)
 .data          0x0000000000010e36        0x0 ../timer_display_bsp/\libhal_bsp.a(alt_icache_flush_all.o)
 .data          0x0000000000010e36        0x0 ../timer_display_bsp/\libhal_bsp.a(alt_instruction_exception_entry.o)
 .data          0x0000000000010e36        0x0 ../timer_display_bsp/\libhal_bsp.a(altera_nios2_gen2_irq.o)
 .data          0x0000000000010e36        0x0 c:/intelfpga_lite/18.1/nios2eds/bin/gnu/h-x86_64-mingw32/bin/../lib/gcc/nios2-elf/5.3.0/../../../../../H-x86_64-mingw32/nios2-elf/lib/mno-hw-mul\libsmallc.a(lib_a-strlen.o)
                0x0000000000018e36                _gp = ABSOLUTE ((. + 0x8000))
                [!provide]                        PROVIDE (gp, _gp)
 *(.rwdata .rwdata.*)
 *(.sdata .sdata.* .gnu.linkonce.s.*)
 *fill*         0x0000000000010e36        0x2 
 .sdata         0x0000000000010e38       0x24 obj/default/hello_world_small.o
                0x0000000000010e38                display_ptr
                0x0000000000010e3c                reset_button_pio_edge_capture
                0x0000000000010e40                reset_button_pio_intr_mask
                0x0000000000010e44                pause_button_pio_edge_capture
                0x0000000000010e48                pause_button_pio_intr_mask
                0x0000000000010e4c                start_button_pio_edge_capture
                0x0000000000010e50                start_button_pio_intr_mask
                0x0000000000010e54                timer_ctrl_ptr
                0x0000000000010e58                timer_status_ptr
 .sdata         0x0000000000010e5c        0x4 ../timer_display_bsp/\libhal_bsp.a(alt_irq_vars.o)
                0x0000000000010e5c                alt_priority_mask
 .sdata         0x0000000000010e60        0x4 ../timer_display_bsp/\libhal_bsp.a(alt_sys_init.o)
                0x0000000000010e60                UART
 *(.sdata2 .sdata2.* .gnu.linkonce.s2.*)
                0x0000000000010e64                . = ALIGN (0x4)
                0x0000000000010e64                _edata = ABSOLUTE (.)
                [!provide]                        PROVIDE (edata, ABSOLUTE (.))
                0x0000000000010e64                PROVIDE (__ram_rwdata_end, ABSOLUTE (.))
                0x0000000000010e64                PROVIDE (__flash_rwdata_start, LOADADDR (.rwdata))

.bss            0x0000000000010e9c      0x118
                0x0000000000010e9c                __bss_start = ABSOLUTE (.)
                [!provide]                        PROVIDE (__sbss_start, ABSOLUTE (.))
                [!provide]                        PROVIDE (___sbss_start, ABSOLUTE (.))
 *(.dynsbss)
 *(.sbss .sbss.* .gnu.linkonce.sb.*)
 .sbss          0x0000000000010e9c        0x4 obj/default/hello_world_small.o
                0x0000000000010e9c                seconds_counter
 .sbss          0x0000000000010ea0        0x4 ../timer_display_bsp/\libhal_bsp.a(alt_irq_vars.o)
                0x0000000000010ea0                alt_irq_active
 .sbss          0x0000000000010ea4        0xc ../timer_display_bsp/\libhal_bsp.a(alt_main.o)
                0x0000000000010ea4                alt_envp
                0x0000000000010ea8                alt_argv
                0x0000000000010eac                alt_argc
 .sbss          0x0000000000010eb0        0x4 ../timer_display_bsp/\libhal_bsp.a(alt_instruction_exception_entry.o)
                0x0000000000010eb0                alt_instruction_exception_handler
 *(.sbss2 .sbss2.* .gnu.linkonce.sb2.*)
 *(.scommon)
                [!provide]                        PROVIDE (__sbss_end, ABSOLUTE (.))
                [!provide]                        PROVIDE (___sbss_end, ABSOLUTE (.))
 *(.dynbss)
 *(.bss .bss.* .gnu.linkonce.b.*)
 .bss           0x0000000000010eb4        0x0 ../timer_display_bsp//obj/HAL/src/crt0.o
 .bss           0x0000000000010eb4        0x0 obj/default/hello_world_small.o
 .bss           0x0000000000010eb4        0x0 c:/intelfpga_lite/18.1/nios2eds/bin/gnu/h-x86_64-mingw32/bin/../lib/gcc/nios2-elf/5.3.0/mno-hw-mul\libgcc.a(lib2-divmod.o)
 .bss           0x0000000000010eb4        0x0 ../timer_display_bsp/\libhal_bsp.a(alt_iic.o)
 .bss           0x0000000000010eb4        0x0 ../timer_display_bsp/\libhal_bsp.a(alt_iic_isr_register.o)
 .bss           0x0000000000010eb4        0x0 ../timer_display_bsp/\libhal_bsp.a(alt_irq_entry.o)
 .bss           0x0000000000010eb4        0x0 ../timer_display_bsp/\libhal_bsp.a(alt_irq_handler.o)
 .bss           0x0000000000010eb4        0x0 ../timer_display_bsp/\libhal_bsp.a(alt_irq_vars.o)
 .bss           0x0000000000010eb4        0x0 ../timer_display_bsp/\libhal_bsp.a(alt_load.o)
 .bss           0x0000000000010eb4        0x0 ../timer_display_bsp/\libhal_bsp.a(alt_main.o)
 .bss           0x0000000000010eb4        0x0 ../timer_display_bsp/\libhal_bsp.a(alt_printf.o)
 .bss           0x0000000000010eb4        0x0 ../timer_display_bsp/\libhal_bsp.a(alt_putchar.o)
 .bss           0x0000000000010eb4        0x0 ../timer_display_bsp/\libhal_bsp.a(alt_putstr.o)
 .bss           0x0000000000010eb4        0x0 ../timer_display_bsp/\libhal_bsp.a(alt_sys_init.o)
 .bss           0x0000000000010eb4        0x0 ../timer_display_bsp/\libhal_bsp.a(altera_avalon_jtag_uart_write.o)
 .bss           0x0000000000010eb4        0x0 ../timer_display_bsp/\libhal_bsp.a(alt_dcache_flush_all.o)
 .bss           0x0000000000010eb4        0x0 ../timer_display_bsp/\libhal_bsp.a(alt_exception_entry.o)
 .bss           0x0000000000010eb4        0x0 ../timer_display_bsp/\libhal_bsp.a(alt_icache_flush_all.o)
 .bss           0x0000000000010eb4        0x0 ../timer_display_bsp/\libhal_bsp.a(alt_instruction_exception_entry.o)
 .bss           0x0000000000010eb4        0x0 ../timer_display_bsp/\libhal_bsp.a(altera_nios2_gen2_irq.o)
 .bss           0x0000000000010eb4        0x0 c:/intelfpga_lite/18.1/nios2eds/bin/gnu/h-x86_64-mingw32/bin/../lib/gcc/nios2-elf/5.3.0/../../../../../H-x86_64-mingw32/nios2-elf/lib/mno-hw-mul\libsmallc.a(lib_a-strlen.o)
 *(COMMON)
 COMMON         0x0000000000010eb4      0x100 ../timer_display_bsp/\libhal_bsp.a(alt_irq_handler.o)
                0x0000000000010eb4                alt_irq
                0x0000000000010fb4                . = ALIGN (0x4)
                0x0000000000010fb4                __bss_end = ABSOLUTE (.)

.RAM            0x0000000000010fb4        0x0
                [!provide]                        PROVIDE (_alt_partition_RAM_start, ABSOLUTE (.))
 *(.RAM .RAM. RAM.*)
                0x0000000000010fb4                . = ALIGN (0x4)
                [!provide]                        PROVIDE (_alt_partition_RAM_end, ABSOLUTE (.))
                0x0000000000010fb4                _end = ABSOLUTE (.)
                0x0000000000010fb4                end = ABSOLUTE (.)
                0x0000000000010fb4                __alt_stack_base = ABSOLUTE (.)
                [!provide]                        PROVIDE (_alt_partition_RAM_load_addr, LOADADDR (.RAM))

.stab
 *(.stab)

.stabstr
 *(.stabstr)

.stab.excl
 *(.stab.excl)

.stab.exclstr
 *(.stab.exclstr)

.stab.index
 *(.stab.index)

.stab.indexstr
 *(.stab.indexstr)

.comment        0x0000000000000000       0x23
 *(.comment)
 .comment       0x0000000000000000       0x23 obj/default/hello_world_small.o
                                         0x24 (size before relaxing)
 .comment       0x0000000000000023       0x24 c:/intelfpga_lite/18.1/nios2eds/bin/gnu/h-x86_64-mingw32/bin/../lib/gcc/nios2-elf/5.3.0/mno-hw-mul\libgcc.a(lib2-divmod.o)
 .comment       0x0000000000000023       0x24 ../timer_display_bsp/\libhal_bsp.a(alt_iic.o)
 .comment       0x0000000000000023       0x24 ../timer_display_bsp/\libhal_bsp.a(alt_iic_isr_register.o)
 .comment       0x0000000000000023       0x24 ../timer_display_bsp/\libhal_bsp.a(alt_irq_handler.o)
 .comment       0x0000000000000023       0x24 ../timer_display_bsp/\libhal_bsp.a(alt_irq_vars.o)
 .comment       0x0000000000000023       0x24 ../timer_display_bsp/\libhal_bsp.a(alt_load.o)
 .comment       0x0000000000000023       0x24 ../timer_display_bsp/\libhal_bsp.a(alt_main.o)
 .comment       0x0000000000000023       0x24 ../timer_display_bsp/\libhal_bsp.a(alt_printf.o)
 .comment       0x0000000000000023       0x24 ../timer_display_bsp/\libhal_bsp.a(alt_putchar.o)
 .comment       0x0000000000000023       0x24 ../timer_display_bsp/\libhal_bsp.a(alt_putstr.o)
 .comment       0x0000000000000023       0x24 ../timer_display_bsp/\libhal_bsp.a(alt_sys_init.o)
 .comment       0x0000000000000023       0x24 ../timer_display_bsp/\libhal_bsp.a(altera_avalon_jtag_uart_write.o)
 .comment       0x0000000000000023       0x24 ../timer_display_bsp/\libhal_bsp.a(alt_dcache_flush_all.o)
 .comment       0x0000000000000023       0x24 ../timer_display_bsp/\libhal_bsp.a(alt_icache_flush_all.o)
 .comment       0x0000000000000023       0x24 ../timer_display_bsp/\libhal_bsp.a(alt_instruction_exception_entry.o)
 .comment       0x0000000000000023       0x24 ../timer_display_bsp/\libhal_bsp.a(altera_nios2_gen2_irq.o)
 .comment       0x0000000000000023       0x24 c:/intelfpga_lite/18.1/nios2eds/bin/gnu/h-x86_64-mingw32/bin/../lib/gcc/nios2-elf/5.3.0/../../../../../H-x86_64-mingw32/nios2-elf/lib/mno-hw-mul\libsmallc.a(lib_a-strlen.o)

.debug
 *(.debug)

.line
 *(.line)

.debug_srcinfo
 *(.debug_srcinfo)

.debug_sfnames
 *(.debug_sfnames)

.debug_aranges  0x0000000000000000      0x2d8
 *(.debug_aranges)
 .debug_aranges
                0x0000000000000000       0x28 ../timer_display_bsp//obj/HAL/src/crt0.o
 .debug_aranges
                0x0000000000000028       0x28 obj/default/hello_world_small.o
 .debug_aranges
                0x0000000000000050       0x20 c:/intelfpga_lite/18.1/nios2eds/bin/gnu/h-x86_64-mingw32/bin/../lib/gcc/nios2-elf/5.3.0/mno-hw-mul\libgcc.a(lib2-divmod.o)
 .debug_aranges
                0x0000000000000070       0x20 ../timer_display_bsp/\libhal_bsp.a(alt_iic.o)
 .debug_aranges
                0x0000000000000090       0x20 ../timer_display_bsp/\libhal_bsp.a(alt_iic_isr_register.o)
 .debug_aranges
                0x00000000000000b0       0x30 ../timer_display_bsp/\libhal_bsp.a(alt_irq_entry.o)
 .debug_aranges
                0x00000000000000e0       0x20 ../timer_display_bsp/\libhal_bsp.a(alt_irq_handler.o)
 .debug_aranges
                0x0000000000000100       0x18 ../timer_display_bsp/\libhal_bsp.a(alt_irq_vars.o)
 .debug_aranges
                0x0000000000000118       0x20 ../timer_display_bsp/\libhal_bsp.a(alt_load.o)
 .debug_aranges
                0x0000000000000138       0x20 ../timer_display_bsp/\libhal_bsp.a(alt_main.o)
 .debug_aranges
                0x0000000000000158       0x20 ../timer_display_bsp/\libhal_bsp.a(alt_printf.o)
 .debug_aranges
                0x0000000000000178       0x20 ../timer_display_bsp/\libhal_bsp.a(alt_putchar.o)
 .debug_aranges
                0x0000000000000198       0x20 ../timer_display_bsp/\libhal_bsp.a(alt_putstr.o)
 .debug_aranges
                0x00000000000001b8       0x20 ../timer_display_bsp/\libhal_bsp.a(alt_sys_init.o)
 .debug_aranges
                0x00000000000001d8       0x20 ../timer_display_bsp/\libhal_bsp.a(altera_avalon_jtag_uart_write.o)
 .debug_aranges
                0x00000000000001f8       0x20 ../timer_display_bsp/\libhal_bsp.a(alt_dcache_flush_all.o)
 .debug_aranges
                0x0000000000000218       0x38 ../timer_display_bsp/\libhal_bsp.a(alt_exception_entry.o)
 .debug_aranges
                0x0000000000000250       0x20 ../timer_display_bsp/\libhal_bsp.a(alt_icache_flush_all.o)
 .debug_aranges
                0x0000000000000270       0x28 ../timer_display_bsp/\libhal_bsp.a(alt_instruction_exception_entry.o)
 .debug_aranges
                0x0000000000000298       0x20 ../timer_display_bsp/\libhal_bsp.a(altera_nios2_gen2_irq.o)
 .debug_aranges
                0x00000000000002b8       0x20 c:/intelfpga_lite/18.1/nios2eds/bin/gnu/h-x86_64-mingw32/bin/../lib/gcc/nios2-elf/5.3.0/../../../../../H-x86_64-mingw32/nios2-elf/lib/mno-hw-mul\libsmallc.a(lib_a-strlen.o)

.debug_pubnames
 *(.debug_pubnames)

.debug_info     0x0000000000000000     0x20e7
 *(.debug_info .gnu.linkonce.wi.*)
 .debug_info    0x0000000000000000       0x9d ../timer_display_bsp//obj/HAL/src/crt0.o
 .debug_info    0x000000000000009d      0x5d7 obj/default/hello_world_small.o
 .debug_info    0x0000000000000674      0x2c6 c:/intelfpga_lite/18.1/nios2eds/bin/gnu/h-x86_64-mingw32/bin/../lib/gcc/nios2-elf/5.3.0/mno-hw-mul\libgcc.a(lib2-divmod.o)
 .debug_info    0x000000000000093a      0x38a ../timer_display_bsp/\libhal_bsp.a(alt_iic.o)
 .debug_info    0x0000000000000cc4      0x232 ../timer_display_bsp/\libhal_bsp.a(alt_iic_isr_register.o)
 .debug_info    0x0000000000000ef6       0xa6 ../timer_display_bsp/\libhal_bsp.a(alt_irq_entry.o)
 .debug_info    0x0000000000000f9c      0x184 ../timer_display_bsp/\libhal_bsp.a(alt_irq_handler.o)
 .debug_info    0x0000000000001120       0x88 ../timer_display_bsp/\libhal_bsp.a(alt_irq_vars.o)
 .debug_info    0x00000000000011a8      0x1c9 ../timer_display_bsp/\libhal_bsp.a(alt_load.o)
 .debug_info    0x0000000000001371      0x169 ../timer_display_bsp/\libhal_bsp.a(alt_main.o)
 .debug_info    0x00000000000014da      0x14d ../timer_display_bsp/\libhal_bsp.a(alt_printf.o)
 .debug_info    0x0000000000001627      0x12a ../timer_display_bsp/\libhal_bsp.a(alt_putchar.o)
 .debug_info    0x0000000000001751      0x13a ../timer_display_bsp/\libhal_bsp.a(alt_putstr.o)
 .debug_info    0x000000000000188b      0x19d ../timer_display_bsp/\libhal_bsp.a(alt_sys_init.o)
 .debug_info    0x0000000000001a28      0x197 ../timer_display_bsp/\libhal_bsp.a(altera_avalon_jtag_uart_write.o)
 .debug_info    0x0000000000001bbf       0x92 ../timer_display_bsp/\libhal_bsp.a(alt_dcache_flush_all.o)
 .debug_info    0x0000000000001c51       0xac ../timer_display_bsp/\libhal_bsp.a(alt_exception_entry.o)
 .debug_info    0x0000000000001cfd       0x92 ../timer_display_bsp/\libhal_bsp.a(alt_icache_flush_all.o)
 .debug_info    0x0000000000001d8f      0x1fd ../timer_display_bsp/\libhal_bsp.a(alt_instruction_exception_entry.o)
 .debug_info    0x0000000000001f8c       0x92 ../timer_display_bsp/\libhal_bsp.a(altera_nios2_gen2_irq.o)
 .debug_info    0x000000000000201e       0xc9 c:/intelfpga_lite/18.1/nios2eds/bin/gnu/h-x86_64-mingw32/bin/../lib/gcc/nios2-elf/5.3.0/../../../../../H-x86_64-mingw32/nios2-elf/lib/mno-hw-mul\libsmallc.a(lib_a-strlen.o)

.debug_abbrev   0x0000000000000000      0xfe7
 *(.debug_abbrev)
 .debug_abbrev  0x0000000000000000       0x12 ../timer_display_bsp//obj/HAL/src/crt0.o
 .debug_abbrev  0x0000000000000012      0x1b8 obj/default/hello_world_small.o
 .debug_abbrev  0x00000000000001ca      0x10e c:/intelfpga_lite/18.1/nios2eds/bin/gnu/h-x86_64-mingw32/bin/../lib/gcc/nios2-elf/5.3.0/mno-hw-mul\libgcc.a(lib2-divmod.o)
 .debug_abbrev  0x00000000000002d8      0x1a0 ../timer_display_bsp/\libhal_bsp.a(alt_iic.o)
 .debug_abbrev  0x0000000000000478      0x19c ../timer_display_bsp/\libhal_bsp.a(alt_iic_isr_register.o)
 .debug_abbrev  0x0000000000000614       0x12 ../timer_display_bsp/\libhal_bsp.a(alt_irq_entry.o)
 .debug_abbrev  0x0000000000000626      0x120 ../timer_display_bsp/\libhal_bsp.a(alt_irq_handler.o)
 .debug_abbrev  0x0000000000000746       0x40 ../timer_display_bsp/\libhal_bsp.a(alt_irq_vars.o)
 .debug_abbrev  0x0000000000000786       0xd8 ../timer_display_bsp/\libhal_bsp.a(alt_load.o)
 .debug_abbrev  0x000000000000085e       0xee ../timer_display_bsp/\libhal_bsp.a(alt_main.o)
 .debug_abbrev  0x000000000000094c       0xd5 ../timer_display_bsp/\libhal_bsp.a(alt_printf.o)
 .debug_abbrev  0x0000000000000a21       0xd2 ../timer_display_bsp/\libhal_bsp.a(alt_putchar.o)
 .debug_abbrev  0x0000000000000af3       0xd3 ../timer_display_bsp/\libhal_bsp.a(alt_putstr.o)
 .debug_abbrev  0x0000000000000bc6      0x10e ../timer_display_bsp/\libhal_bsp.a(alt_sys_init.o)
 .debug_abbrev  0x0000000000000cd4       0xd5 ../timer_display_bsp/\libhal_bsp.a(altera_avalon_jtag_uart_write.o)
 .debug_abbrev  0x0000000000000da9       0x42 ../timer_display_bsp/\libhal_bsp.a(alt_dcache_flush_all.o)
 .debug_abbrev  0x0000000000000deb       0x12 ../timer_display_bsp/\libhal_bsp.a(alt_exception_entry.o)
 .debug_abbrev  0x0000000000000dfd       0x42 ../timer_display_bsp/\libhal_bsp.a(alt_icache_flush_all.o)
 .debug_abbrev  0x0000000000000e3f       0xe7 ../timer_display_bsp/\libhal_bsp.a(alt_instruction_exception_entry.o)
 .debug_abbrev  0x0000000000000f26       0x42 ../timer_display_bsp/\libhal_bsp.a(altera_nios2_gen2_irq.o)
 .debug_abbrev  0x0000000000000f68       0x7f c:/intelfpga_lite/18.1/nios2eds/bin/gnu/h-x86_64-mingw32/bin/../lib/gcc/nios2-elf/5.3.0/../../../../../H-x86_64-mingw32/nios2-elf/lib/mno-hw-mul\libsmallc.a(lib_a-strlen.o)

.debug_line     0x0000000000000000      0xf05
 *(.debug_line)
 .debug_line    0x0000000000000000       0x66 ../timer_display_bsp//obj/HAL/src/crt0.o
 .debug_line    0x0000000000000066      0x147 obj/default/hello_world_small.o
 .debug_line    0x00000000000001ad      0x105 c:/intelfpga_lite/18.1/nios2eds/bin/gnu/h-x86_64-mingw32/bin/../lib/gcc/nios2-elf/5.3.0/mno-hw-mul\libgcc.a(lib2-divmod.o)
 .debug_line    0x00000000000002b2       0xf1 ../timer_display_bsp/\libhal_bsp.a(alt_iic.o)
 .debug_line    0x00000000000003a3       0xd6 ../timer_display_bsp/\libhal_bsp.a(alt_iic_isr_register.o)
 .debug_line    0x0000000000000479       0x6b ../timer_display_bsp/\libhal_bsp.a(alt_irq_entry.o)
 .debug_line    0x00000000000004e4       0xa5 ../timer_display_bsp/\libhal_bsp.a(alt_irq_handler.o)
 .debug_line    0x0000000000000589       0x50 ../timer_display_bsp/\libhal_bsp.a(alt_irq_vars.o)
 .debug_line    0x00000000000005d9       0xa4 ../timer_display_bsp/\libhal_bsp.a(alt_load.o)
 .debug_line    0x000000000000067d       0xbd ../timer_display_bsp/\libhal_bsp.a(alt_main.o)
 .debug_line    0x000000000000073a      0x112 ../timer_display_bsp/\libhal_bsp.a(alt_printf.o)
 .debug_line    0x000000000000084c       0x55 ../timer_display_bsp/\libhal_bsp.a(alt_putchar.o)
 .debug_line    0x00000000000008a1       0xa0 ../timer_display_bsp/\libhal_bsp.a(alt_putstr.o)
 .debug_line    0x0000000000000941      0x11a ../timer_display_bsp/\libhal_bsp.a(alt_sys_init.o)
 .debug_line    0x0000000000000a5b       0xf0 ../timer_display_bsp/\libhal_bsp.a(altera_avalon_jtag_uart_write.o)
 .debug_line    0x0000000000000b4b       0x4e ../timer_display_bsp/\libhal_bsp.a(alt_dcache_flush_all.o)
 .debug_line    0x0000000000000b99       0xb3 ../timer_display_bsp/\libhal_bsp.a(alt_exception_entry.o)
 .debug_line    0x0000000000000c4c       0x4e ../timer_display_bsp/\libhal_bsp.a(alt_icache_flush_all.o)
 .debug_line    0x0000000000000c9a       0xbf ../timer_display_bsp/\libhal_bsp.a(alt_instruction_exception_entry.o)
 .debug_line    0x0000000000000d59       0x50 ../timer_display_bsp/\libhal_bsp.a(altera_nios2_gen2_irq.o)
 .debug_line    0x0000000000000da9      0x15c c:/intelfpga_lite/18.1/nios2eds/bin/gnu/h-x86_64-mingw32/bin/../lib/gcc/nios2-elf/5.3.0/../../../../../H-x86_64-mingw32/nios2-elf/lib/mno-hw-mul\libsmallc.a(lib_a-strlen.o)

.debug_frame    0x0000000000000000      0x450
 *(.debug_frame)
 .debug_frame   0x0000000000000000      0x130 obj/default/hello_world_small.o
 .debug_frame   0x0000000000000130       0x50 c:/intelfpga_lite/18.1/nios2eds/bin/gnu/h-x86_64-mingw32/bin/../lib/gcc/nios2-elf/5.3.0/mno-hw-mul\libgcc.a(lib2-divmod.o)
 .debug_frame   0x0000000000000180       0x50 ../timer_display_bsp/\libhal_bsp.a(alt_iic.o)
 .debug_frame   0x00000000000001d0       0x30 ../timer_display_bsp/\libhal_bsp.a(alt_iic_isr_register.o)
 .debug_frame   0x0000000000000200       0x34 ../timer_display_bsp/\libhal_bsp.a(alt_irq_handler.o)
 .debug_frame   0x0000000000000234       0x30 ../timer_display_bsp/\libhal_bsp.a(alt_load.o)
 .debug_frame   0x0000000000000264       0x2c ../timer_display_bsp/\libhal_bsp.a(alt_main.o)
 .debug_frame   0x0000000000000290       0x54 ../timer_display_bsp/\libhal_bsp.a(alt_printf.o)
 .debug_frame   0x00000000000002e4       0x30 ../timer_display_bsp/\libhal_bsp.a(alt_putchar.o)
 .debug_frame   0x0000000000000314       0x30 ../timer_display_bsp/\libhal_bsp.a(alt_putstr.o)
 .debug_frame   0x0000000000000344       0x3c ../timer_display_bsp/\libhal_bsp.a(alt_sys_init.o)
 .debug_frame   0x0000000000000380       0x20 ../timer_display_bsp/\libhal_bsp.a(altera_avalon_jtag_uart_write.o)
 .debug_frame   0x00000000000003a0       0x20 ../timer_display_bsp/\libhal_bsp.a(alt_dcache_flush_all.o)
 .debug_frame   0x00000000000003c0       0x20 ../timer_display_bsp/\libhal_bsp.a(alt_icache_flush_all.o)
 .debug_frame   0x00000000000003e0       0x30 ../timer_display_bsp/\libhal_bsp.a(alt_instruction_exception_entry.o)
 .debug_frame   0x0000000000000410       0x20 ../timer_display_bsp/\libhal_bsp.a(altera_nios2_gen2_irq.o)
 .debug_frame   0x0000000000000430       0x20 c:/intelfpga_lite/18.1/nios2eds/bin/gnu/h-x86_64-mingw32/bin/../lib/gcc/nios2-elf/5.3.0/../../../../../H-x86_64-mingw32/nios2-elf/lib/mno-hw-mul\libsmallc.a(lib_a-strlen.o)

.debug_str      0x0000000000000000      0xff9
 *(.debug_str)
 .debug_str     0x0000000000000000      0x2f2 obj/default/hello_world_small.o
                                        0x338 (size before relaxing)
 .debug_str     0x00000000000002f2      0x187 c:/intelfpga_lite/18.1/nios2eds/bin/gnu/h-x86_64-mingw32/bin/../lib/gcc/nios2-elf/5.3.0/mno-hw-mul\libgcc.a(lib2-divmod.o)
                                        0x1d2 (size before relaxing)
 .debug_str     0x0000000000000479      0x173 ../timer_display_bsp/\libhal_bsp.a(alt_iic.o)
                                        0x282 (size before relaxing)
 .debug_str     0x00000000000005ec       0x37 ../timer_display_bsp/\libhal_bsp.a(alt_iic_isr_register.o)
                                        0x23c (size before relaxing)
 .debug_str     0x0000000000000623       0x3a ../timer_display_bsp/\libhal_bsp.a(alt_irq_handler.o)
                                        0x1c6 (size before relaxing)
 .debug_str     0x000000000000065d       0x17 ../timer_display_bsp/\libhal_bsp.a(alt_irq_vars.o)
                                        0x169 (size before relaxing)
 .debug_str     0x0000000000000674      0x113 ../timer_display_bsp/\libhal_bsp.a(alt_load.o)
                                        0x26b (size before relaxing)
 .debug_str     0x0000000000000787       0x8f ../timer_display_bsp/\libhal_bsp.a(alt_main.o)
                                        0x1e4 (size before relaxing)
 .debug_str     0x0000000000000816       0x59 ../timer_display_bsp/\libhal_bsp.a(alt_printf.o)
                                        0x135 (size before relaxing)
 .debug_str     0x000000000000086f       0x59 ../timer_display_bsp/\libhal_bsp.a(alt_putchar.o)
                                        0x1b5 (size before relaxing)
 .debug_str     0x00000000000008c8       0x1c ../timer_display_bsp/\libhal_bsp.a(alt_putstr.o)
                                        0x1ba (size before relaxing)
 .debug_str     0x00000000000008e4       0xb9 ../timer_display_bsp/\libhal_bsp.a(alt_sys_init.o)
                                        0x286 (size before relaxing)
 .debug_str     0x000000000000099d       0x39 ../timer_display_bsp/\libhal_bsp.a(altera_avalon_jtag_uart_write.o)
                                        0x244 (size before relaxing)
 .debug_str     0x00000000000009d6       0x1f ../timer_display_bsp/\libhal_bsp.a(alt_dcache_flush_all.o)
                                        0x184 (size before relaxing)
 .debug_str     0x00000000000009f5       0x1f ../timer_display_bsp/\libhal_bsp.a(alt_icache_flush_all.o)
                                        0x184 (size before relaxing)
 .debug_str     0x0000000000000a14      0x48b ../timer_display_bsp/\libhal_bsp.a(alt_instruction_exception_entry.o)
                                        0x5cf (size before relaxing)
 .debug_str     0x0000000000000e9f       0x20 ../timer_display_bsp/\libhal_bsp.a(altera_nios2_gen2_irq.o)
                                        0x18b (size before relaxing)
 .debug_str     0x0000000000000ebf      0x13a c:/intelfpga_lite/18.1/nios2eds/bin/gnu/h-x86_64-mingw32/bin/../lib/gcc/nios2-elf/5.3.0/../../../../../H-x86_64-mingw32/nios2-elf/lib/mno-hw-mul\libsmallc.a(lib_a-strlen.o)
                                        0x1e5 (size before relaxing)

.debug_loc      0x0000000000000000      0xdf9
 *(.debug_loc)
 .debug_loc     0x0000000000000000      0x246 obj/default/hello_world_small.o
 .debug_loc     0x0000000000000246      0x4ce c:/intelfpga_lite/18.1/nios2eds/bin/gnu/h-x86_64-mingw32/bin/../lib/gcc/nios2-elf/5.3.0/mno-hw-mul\libgcc.a(lib2-divmod.o)
 .debug_loc     0x0000000000000714      0x170 ../timer_display_bsp/\libhal_bsp.a(alt_iic.o)
 .debug_loc     0x0000000000000884      0x193 ../timer_display_bsp/\libhal_bsp.a(alt_iic_isr_register.o)
 .debug_loc     0x0000000000000a17       0x72 ../timer_display_bsp/\libhal_bsp.a(alt_irq_handler.o)
 .debug_loc     0x0000000000000a89      0x1de ../timer_display_bsp/\libhal_bsp.a(alt_printf.o)
 .debug_loc     0x0000000000000c67       0x2c ../timer_display_bsp/\libhal_bsp.a(alt_putchar.o)
 .debug_loc     0x0000000000000c93       0x37 ../timer_display_bsp/\libhal_bsp.a(alt_putstr.o)
 .debug_loc     0x0000000000000cca       0x21 ../timer_display_bsp/\libhal_bsp.a(alt_sys_init.o)
 .debug_loc     0x0000000000000ceb       0x8b ../timer_display_bsp/\libhal_bsp.a(altera_avalon_jtag_uart_write.o)
 .debug_loc     0x0000000000000d76       0x65 ../timer_display_bsp/\libhal_bsp.a(alt_instruction_exception_entry.o)
 .debug_loc     0x0000000000000ddb       0x1e c:/intelfpga_lite/18.1/nios2eds/bin/gnu/h-x86_64-mingw32/bin/../lib/gcc/nios2-elf/5.3.0/../../../../../H-x86_64-mingw32/nios2-elf/lib/mno-hw-mul\libsmallc.a(lib_a-strlen.o)

.debug_macinfo
 *(.debug_macinfo)

.debug_weaknames
 *(.debug_weaknames)

.debug_funcnames
 *(.debug_funcnames)

.debug_typenames
 *(.debug_typenames)

.debug_varnames
 *(.debug_varnames)

.debug_alt_sim_info
                0x0000000000000000       0x10
 *(.debug_alt_sim_info)
 .debug_alt_sim_info
                0x0000000000000000       0x10 ../timer_display_bsp//obj/HAL/src/crt0.o
                0x0000000000020000                __alt_data_end = 0x20000
                0x0000000000020000                PROVIDE (__alt_stack_pointer, __alt_data_end)
                [!provide]                        PROVIDE (__alt_stack_limit, __alt_stack_base)
                [!provide]                        PROVIDE (__alt_heap_start, end)
                [!provide]                        PROVIDE (__alt_heap_limit, 0x20000)
OUTPUT(timer_display.elf elf32-littlenios2)

.debug_ranges   0x0000000000000000      0x1d8
 .debug_ranges  0x0000000000000000       0x20 ../timer_display_bsp//obj/HAL/src/crt0.o
 .debug_ranges  0x0000000000000020       0x68 obj/default/hello_world_small.o
 .debug_ranges  0x0000000000000088       0x60 c:/intelfpga_lite/18.1/nios2eds/bin/gnu/h-x86_64-mingw32/bin/../lib/gcc/nios2-elf/5.3.0/mno-hw-mul\libgcc.a(lib2-divmod.o)
 .debug_ranges  0x00000000000000e8       0x28 ../timer_display_bsp/\libhal_bsp.a(alt_irq_entry.o)
 .debug_ranges  0x0000000000000110       0x10 ../timer_display_bsp/\libhal_bsp.a(alt_irq_handler.o)
 .debug_ranges  0x0000000000000120       0x48 ../timer_display_bsp/\libhal_bsp.a(alt_load.o)
 .debug_ranges  0x0000000000000168       0x18 ../timer_display_bsp/\libhal_bsp.a(alt_printf.o)
 .debug_ranges  0x0000000000000180       0x30 ../timer_display_bsp/\libhal_bsp.a(alt_exception_entry.o)
 .debug_ranges  0x00000000000001b0       0x18 ../timer_display_bsp/\libhal_bsp.a(alt_instruction_exception_entry.o)
 .debug_ranges  0x00000000000001c8       0x10 c:/intelfpga_lite/18.1/nios2eds/bin/gnu/h-x86_64-mingw32/bin/../lib/gcc/nios2-elf/5.3.0/../../../../../H-x86_64-mingw32/nios2-elf/lib/mno-hw-mul\libsmallc.a(lib_a-strlen.o)
